[    0.000000] Linux version 4.8.0-rc2-flexx10-2+ (acaogon@orion) (gcc version 5.4.0 20160609 (Debian 5.4.0-6) ) #1 SMP Wed Aug 17 21:11:10 CEST 2016
[    0.000000] Command line: BOOT_IMAGE=/boot/vmlinuz-4.8.0-rc2-flexx10-2+ root=UUID=36591e78-0af5-4776-b60a-8f93a5cc9230 ro video=intelfb fbcon=rotate:1 quiet splash intel_idle.max_cstate=0 intel_pstate=disabled vt.handoff=7
[    0.000000] x86/fpu: Legacy x87 FPU detected.
[    0.000000] x86/fpu: Using 'eager' FPU context switches.
[    0.000000] e820: BIOS-provided physical RAM map:
[    0.000000] BIOS-e820: [mem 0x0000000000000000-0x000000000008efff] usable
[    0.000000] BIOS-e820: [mem 0x000000000008f000-0x000000000008ffff] ACPI NVS
[    0.000000] BIOS-e820: [mem 0x0000000000090000-0x000000000009dfff] usable
[    0.000000] BIOS-e820: [mem 0x000000000009e000-0x000000000009ffff] reserved
[    0.000000] BIOS-e820: [mem 0x0000000000100000-0x000000001fffffff] usable
[    0.000000] BIOS-e820: [mem 0x0000000020000000-0x00000000201fffff] reserved
[    0.000000] BIOS-e820: [mem 0x0000000020200000-0x0000000024a63fff] usable
[    0.000000] BIOS-e820: [mem 0x0000000024a64000-0x0000000024a64fff] reserved
[    0.000000] BIOS-e820: [mem 0x0000000024a65000-0x0000000024a6cfff] type 20
[    0.000000] BIOS-e820: [mem 0x0000000024a6d000-0x0000000024afffff] reserved
[    0.000000] BIOS-e820: [mem 0x0000000024b00000-0x000000007bac4fff] usable
[    0.000000] BIOS-e820: [mem 0x000000007bac5000-0x000000007bb24fff] type 20
[    0.000000] BIOS-e820: [mem 0x000000007bb25000-0x000000007bd44fff] reserved
[    0.000000] BIOS-e820: [mem 0x000000007bd45000-0x000000007bd45fff] usable
[    0.000000] BIOS-e820: [mem 0x000000007bd46000-0x000000007bd46fff] reserved
[    0.000000] BIOS-e820: [mem 0x000000007bd47000-0x000000007bd48fff] usable
[    0.000000] BIOS-e820: [mem 0x000000007bd49000-0x000000007bd49fff] reserved
[    0.000000] BIOS-e820: [mem 0x000000007bd4a000-0x000000007c7fffff] usable
[    0.000000] BIOS-e820: [mem 0x000000007cc00000-0x000000007cc1dfff] usable
[    0.000000] BIOS-e820: [mem 0x000000007cc1e000-0x000000007cc45fff] reserved
[    0.000000] BIOS-e820: [mem 0x000000007cc46000-0x000000007ccb5fff] ACPI NVS
[    0.000000] BIOS-e820: [mem 0x000000007ccb6000-0x000000007ccf5fff] ACPI data
[    0.000000] BIOS-e820: [mem 0x000000007ccf6000-0x000000007ccfffff] usable
[    0.000000] BIOS-e820: [mem 0x00000000e00f8000-0x00000000e00f8fff] reserved
[    0.000000] BIOS-e820: [mem 0x00000000fed01000-0x00000000fed01fff] reserved
[    0.000000] BIOS-e820: [mem 0x00000000fff60000-0x00000000ffffffff] reserved
[    0.000000] NX (Execute Disable) protection: active
[    0.000000] efi: EFI v2.40 by INSYDE Corp.
[    0.000000] efi:  ACPI 2.0=0x7ccf5014  ESRT=0x7bc37010  SMBIOS=0x7bcfb000 
[    0.000000] esrt: Reserving ESRT space from 0x000000007bc37010 to 0x000000007bc37048.
[    0.000000] SMBIOS 2.8 present.
[    0.000000] DMI: YIFANG NXW101QC232/EBM1015BFP, BIOS EB1015.2.02.016 09/16/2015
[    0.000000] e820: update [mem 0x00000000-0x00000fff] usable ==> reserved
[    0.000000] e820: remove [mem 0x000a0000-0x000fffff] usable
[    0.000000] e820: last_pfn = 0x7cd00 max_arch_pfn = 0x400000000
[    0.000000] MTRR default type: uncachable
[    0.000000] MTRR fixed ranges enabled:
[    0.000000]   00000-9FFFF write-back
[    0.000000]   A0000-FFFFF write-protect
[    0.000000] MTRR variable ranges enabled:
[    0.000000]   0 base 0FFF60000 mask FFFC00000 write-protect
[    0.000000]   1 base 000000000 mask F80000000 write-back
[    0.000000]   2 base 07E000000 mask FFE000000 uncachable
[    0.000000]   3 base 07D000000 mask FFF000000 uncachable
[    0.000000]   4 base 07CE00000 mask FFFE00000 uncachable
[    0.000000]   5 base 07CD00000 mask FFFF00000 uncachable
[    0.000000]   6 disabled
[    0.000000]   7 disabled
[    0.000000] x86/PAT: Configuration [0-7]: WB  WC  UC- UC  WB  WC  UC- WT  
[    0.000000] Base memory trampoline at [ffff880000098000] 98000 size 24576
[    0.000000] BRK [0x01f34000, 0x01f34fff] PGTABLE
[    0.000000] BRK [0x01f35000, 0x01f35fff] PGTABLE
[    0.000000] BRK [0x01f36000, 0x01f36fff] PGTABLE
[    0.000000] BRK [0x01f37000, 0x01f37fff] PGTABLE
[    0.000000] BRK [0x01f38000, 0x01f38fff] PGTABLE
[    0.000000] BRK [0x01f39000, 0x01f39fff] PGTABLE
[    0.000000] RAMDISK: [mem 0x34f44000-0x36799fff]
[    0.000000] ACPI: Early table checksum verification disabled
[    0.000000] ACPI: RSDP 0x000000007CCF5014 000024 (v02 Insyde)
[    0.000000] ACPI: XSDT 0x000000007CCCD188 0000EC (v01 Insyde Insyde   00000003      01000013)
[    0.000000] ACPI: FACP 0x000000007CCEE000 00010C (v05 Insyde Insyde   00000003 ACPI 00040000)
[    0.000000] ACPI: DSDT 0x000000007CCD9000 00F620 (v02 Insyde Insyde   00000003 ACPI 00040000)
[    0.000000] ACPI: UEFI 0x000000007CCF4000 000236 (v01 Insyde Insyde   00000001 ACPI 00040000)
[    0.000000] ACPI: TCPA 0x000000007CCF3000 000032 (v02 Insyde Insyde   00000000 ACPI 00040000)
[    0.000000] ACPI: MSDM 0x000000007CCF2000 000055 (v03 Insyde Insyde   00000001 ACPI 00040000)
[    0.000000] ACPI: UEFI 0x000000007CCF1000 000042 (v01 Insyde Insyde   00000000 ACPI 00040000)
[    0.000000] ACPI: OEM0 0x000000007CCF0000 000084 (v05 Insyde Insyde   00000003 ACPI 00040000)
[    0.000000] ACPI: DBG2 0x000000007CCEF000 000072 (v00 Insyde Insyde   00000003 ACPI 00040000)
[    0.000000] ACPI: HPET 0x000000007CCED000 000038 (v01 Insyde Insyde   00000003 ACPI 00040000)
[    0.000000] ACPI: LPIT 0x000000007CCEC000 000104 (v01 Insyde Insyde   00000003 ACPI 00040000)
[    0.000000] ACPI: APIC 0x000000007CCEB000 00006C (v03 Insyde Insyde   00000003 ACPI 00040000)
[    0.000000] ACPI: MCFG 0x000000007CCEA000 00003C (v01 Insyde Insyde   00000003 ACPI 00040000)
[    0.000000] ACPI: SLIC 0x000000007CCE9000 000176 (v01 Insyde Insyde   00000003 ACPI 00040000)
[    0.000000] ACPI: SSDT 0x000000007CCD6000 00249C (v01 Insyde DptfTab  00000003 ACPI 00040000)
[    0.000000] ACPI: SSDT 0x000000007CCD5000 0005DA (v01 Insyde CpuDptf  00000003 ACPI 00040000)
[    0.000000] ACPI: SSDT 0x000000007CCD4000 000058 (v01 Insyde LowPwrM  00000003 ACPI 00040000)
[    0.000000] ACPI: SSDT 0x000000007CCD3000 0000FF (v01 Insyde SoCDptf  00000003 ACPI 00040000)
[    0.000000] ACPI: SSDT 0x000000007CCD2000 00043A (v01 Insyde Tpm2Tabl 00001000 ACPI 00040000)
[    0.000000] ACPI: TPM2 0x000000007CCD1000 000034 (v03 Insyde Insyde   00000000 ACPI 00040000)
[    0.000000] ACPI: SSDT 0x000000007CCD0000 000763 (v01 Insyde CpuPm    00003000 ACPI 00040000)
[    0.000000] ACPI: SSDT 0x000000007CCCF000 000290 (v01 Insyde Cpu0Tst  00003000 ACPI 00040000)
[    0.000000] ACPI: SSDT 0x000000007CCCE000 00017A (v01 Insyde ApTst    00003000 ACPI 00040000)
[    0.000000] ACPI: FPDT 0x000000007CCCC000 000044 (v01 Insyde Insyde   00000002 ACPI 00040000)
[    0.000000] ACPI: WDAT 0x000000007CCCB000 000104 (v01 Insyde Insyde   00000000 ACPI 00040000)
[    0.000000] ACPI: CSRT 0x000000007CCCA000 00014C (v00 Insyde Insyde   00000005 ACPI 00040000)
[    0.000000] ACPI: WDAT 0x000000007CCC9000 000104 (v01 Insyde Insyde   00000000 ACPI 00040000)
[    0.000000] ACPI: Local APIC address 0xfee00000
[    0.000000] No NUMA configuration found
[    0.000000] Faking a node at [mem 0x0000000000000000-0x000000007ccfffff]
[    0.000000] NODE_DATA(0) allocated [mem 0x7cc1a000-0x7cc1dfff]
[    0.000000] Zone ranges:
[    0.000000]   DMA      [mem 0x0000000000001000-0x0000000000ffffff]
[    0.000000]   DMA32    [mem 0x0000000001000000-0x000000007ccfffff]
[    0.000000]   Normal   empty
[    0.000000] Movable zone start for each node
[    0.000000] Early memory node ranges
[    0.000000]   node   0: [mem 0x0000000000001000-0x000000000008efff]
[    0.000000]   node   0: [mem 0x0000000000090000-0x000000000009dfff]
[    0.000000]   node   0: [mem 0x0000000000100000-0x000000001fffffff]
[    0.000000]   node   0: [mem 0x0000000020200000-0x0000000024a63fff]
[    0.000000]   node   0: [mem 0x0000000024b00000-0x000000007bac4fff]
[    0.000000]   node   0: [mem 0x000000007bd45000-0x000000007bd45fff]
[    0.000000]   node   0: [mem 0x000000007bd47000-0x000000007bd48fff]
[    0.000000]   node   0: [mem 0x000000007bd4a000-0x000000007c7fffff]
[    0.000000]   node   0: [mem 0x000000007cc00000-0x000000007cc1dfff]
[    0.000000]   node   0: [mem 0x000000007ccf6000-0x000000007ccfffff]
[    0.000000] Initmem setup node 0 [mem 0x0000000000001000-0x000000007ccfffff]
[    0.000000] On node 0 totalpages: 508582
[    0.000000]   DMA zone: 64 pages used for memmap
[    0.000000]   DMA zone: 22 pages reserved
[    0.000000]   DMA zone: 3996 pages, LIFO batch:0
[    0.000000]   DMA32 zone: 7924 pages used for memmap
[    0.000000]   DMA32 zone: 504586 pages, LIFO batch:31
[    0.000000] x86/hpet: Will disable the HPET for this platform because it's not reliable
[    0.000000] Reserving Intel graphics memory at 0x000000007cf00000-0x000000007eefffff
[    0.000000] ACPI: Local APIC address 0xfee00000
[    0.000000] IOAPIC[0]: apic_id 2, version 32, address 0xfec00000, GSI 0-86
[    0.000000] ACPI: INT_SRC_OVR (bus 0 bus_irq 0 global_irq 2 dfl dfl)
[    0.000000] ACPI: INT_SRC_OVR (bus 0 bus_irq 9 global_irq 9 high level)
[    0.000000] Using ACPI (MADT) for SMP configuration information
[    0.000000] ACPI: HPET id: 0x8086a201 base: 0xfed00000
[    0.000000] smpboot: Allowing 4 CPUs, 0 hotplug CPUs
[    0.000000] PM: Registered nosave memory: [mem 0x00000000-0x00000fff]
[    0.000000] PM: Registered nosave memory: [mem 0x0008f000-0x0008ffff]
[    0.000000] PM: Registered nosave memory: [mem 0x0009e000-0x0009ffff]
[    0.000000] PM: Registered nosave memory: [mem 0x000a0000-0x000fffff]
[    0.000000] PM: Registered nosave memory: [mem 0x20000000-0x201fffff]
[    0.000000] PM: Registered nosave memory: [mem 0x24a64000-0x24a64fff]
[    0.000000] PM: Registered nosave memory: [mem 0x24a65000-0x24a6cfff]
[    0.000000] PM: Registered nosave memory: [mem 0x24a6d000-0x24afffff]
[    0.000000] PM: Registered nosave memory: [mem 0x7bac5000-0x7bb24fff]
[    0.000000] PM: Registered nosave memory: [mem 0x7bb25000-0x7bd44fff]
[    0.000000] PM: Registered nosave memory: [mem 0x7bd46000-0x7bd46fff]
[    0.000000] PM: Registered nosave memory: [mem 0x7bd49000-0x7bd49fff]
[    0.000000] PM: Registered nosave memory: [mem 0x7c800000-0x7cbfffff]
[    0.000000] PM: Registered nosave memory: [mem 0x7cc1e000-0x7cc45fff]
[    0.000000] PM: Registered nosave memory: [mem 0x7cc46000-0x7ccb5fff]
[    0.000000] PM: Registered nosave memory: [mem 0x7ccb6000-0x7ccf5fff]
[    0.000000] e820: [mem 0x7ef00000-0xe00f7fff] available for PCI devices
[    0.000000] clocksource: refined-jiffies: mask: 0xffffffff max_cycles: 0xffffffff, max_idle_ns: 7645519600211568 ns
[    0.000000] setup_percpu: NR_CPUS:512 nr_cpumask_bits:512 nr_cpu_ids:4 nr_node_ids:1
[    0.000000] percpu: Embedded 33 pages/cpu @ffff88007b800000 s98200 r8192 d28776 u524288
[    0.000000] pcpu-alloc: s98200 r8192 d28776 u524288 alloc=1*2097152
[    0.000000] pcpu-alloc: [0] 0 1 2 3 
[    0.000000] Built 1 zonelists in Node order, mobility grouping on.  Total pages: 500572
[    0.000000] Policy zone: DMA32
[    0.000000] Kernel command line: BOOT_IMAGE=/boot/vmlinuz-4.8.0-rc2-flexx10-2+ root=UUID=36591e78-0af5-4776-b60a-8f93a5cc9230 ro video=intelfb fbcon=rotate:1 quiet splash intel_idle.max_cstate=0 intel_pstate=disabled vt.handoff=7
[    0.000000] PID hash table entries: 4096 (order: 3, 32768 bytes)
[    0.000000] Calgary: detecting Calgary via BIOS EBDA area
[    0.000000] Calgary: Unable to locate Rio Grande table in EBDA - bailing!
[    0.000000] Memory: 1933716K/2034328K available (6096K kernel code, 1168K rwdata, 2736K rodata, 1268K init, 804K bss, 100612K reserved, 0K cma-reserved)
[    0.000000] Hierarchical RCU implementation.
[    0.000000] 	Build-time adjustment of leaf fanout to 64.
[    0.000000] 	RCU restricting CPUs from NR_CPUS=512 to nr_cpu_ids=4.
[    0.000000] RCU: Adjusting geometry for rcu_fanout_leaf=64, nr_cpu_ids=4
[    0.000000] NR_IRQS:33024 nr_irqs:1024 0
[    0.000000] Console: colour dummy device 80x25
[    0.000000] console [tty0] enabled
[    0.000000] tsc: Detected 1332.800 MHz processor
[    0.000091] Calibrating delay loop (skipped), value calculated using timer frequency.. 2665.60 BogoMIPS (lpj=5331200)
[    0.000108] pid_max: default: 32768 minimum: 301
[    0.000192] ACPI: Core revision 20160729
[    0.137103] ACPI: 9 ACPI AML tables successfully acquired and loaded

[    0.139733] Security Framework initialized
[    0.139740] Yama: becoming mindful.
[    0.139768] AppArmor: AppArmor disabled by boot time parameter
[    0.140554] Dentry cache hash table entries: 262144 (order: 9, 2097152 bytes)
[    0.144134] Inode-cache hash table entries: 131072 (order: 8, 1048576 bytes)
[    0.145808] Mount-cache hash table entries: 4096 (order: 3, 32768 bytes)
[    0.145831] Mountpoint-cache hash table entries: 4096 (order: 3, 32768 bytes)
[    0.147202] CPU: Physical Processor ID: 0
[    0.147209] CPU: Processor Core ID: 0
[    0.147222] ENERGY_PERF_BIAS: Set to 'normal', was 'performance'
[    0.147226] ENERGY_PERF_BIAS: View and update with x86_energy_perf_policy(8)
[    0.147242] mce: CPU supports 6 MCE banks
[    0.147265] CPU0: Thermal monitoring enabled (TM1)
[    0.147279] process: using mwait in idle threads
[    0.147294] Last level iTLB entries: 4KB 48, 2MB 0, 4MB 0
[    0.147300] Last level dTLB entries: 4KB 128, 2MB 16, 4MB 16, 1GB 0
[    0.148573] Freeing SMP alternatives memory: 24K (ffffffff81c63000 - ffffffff81c69000)
[    0.155730] ftrace: allocating 24882 entries in 98 pages
[    0.203423] smpboot: Max logical packages: 1
[    0.203433] smpboot: APIC(0) Converting physical 0 to logical package 0
[    0.203566] TSC deadline timer enabled
[    0.203575] smpboot: CPU0: Intel(R) Atom(TM) CPU  Z3735F @ 1.33GHz (family: 0x6, model: 0x37, stepping: 0x8)
[    0.203598] Performance Events: PEBS fmt2+, 8-deep LBR, Silvermont events, 8-deep LBR, full-width counters, Intel PMU driver.
[    0.203658] ... version:                3
[    0.203663] ... bit width:              40
[    0.203667] ... generic registers:      2
[    0.203672] ... value mask:             000000ffffffffff
[    0.203676] ... max period:             000000ffffffffff
[    0.203680] ... fixed-purpose events:   3
[    0.203684] ... event mask:             0000000700000003
[    0.207463] NMI watchdog: enabled on all CPUs, permanently consumes one hw-PMU counter.
[    0.208465] x86: Booting SMP configuration:
[    0.208473] .... node  #0, CPUs:      #1 #2 #3
[    0.450514] x86: Booted up 1 node, 4 CPUs
[    0.450526] smpboot: Total of 4 processors activated (10678.37 BogoMIPS)
[    0.472763] devtmpfs: initialized
[    0.473276] x86/mm: Memory block size: 128MB
[    0.508656] PM: Registering ACPI NVS region [mem 0x0008f000-0x0008ffff] (4096 bytes)
[    0.508668] PM: Registering ACPI NVS region [mem 0x7cc46000-0x7ccb5fff] (458752 bytes)
[    0.509189] clocksource: jiffies: mask: 0xffffffff max_cycles: 0xffffffff, max_idle_ns: 7645041785100000 ns
[    0.520439] pinctrl core: initialized pinctrl subsystem
[    0.536993] NET: Registered protocol family 16
[    0.552484] cpuidle: using governor ladder
[    0.568528] cpuidle: using governor menu
[    0.568779] ACPI: bus type PCI registered
[    0.601034] PCI: MMCONFIG for domain 0000 [bus 00-3f] at [mem 0xe0000000-0xe3ffffff] (base 0xe0000000)
[    0.601045] PCI: not using MMCONFIG
[    0.601051] PCI: Using configuration type 1 for base access
[    0.617486] HugeTLB registered 2 MB page size, pre-allocated 0 pages
[    0.665107] ACPI: Added _OSI(Module Device)
[    0.665114] ACPI: Added _OSI(Processor Device)
[    0.665120] ACPI: Added _OSI(3.0 _SCP Extensions)
[    0.665125] ACPI: Added _OSI(Processor Aggregator Device)
[    0.737655] ACPI: Dynamic OEM Table Load:
[    0.737708] ACPI: SSDT 0xFFFF88007B4A0800 00048C (v01 PmRef  Cpu0Ist  00003000 INTL 20130117)
[    0.742984] ACPI: Dynamic OEM Table Load:
[    0.743032] ACPI: SSDT 0xFFFF88007B4A0000 000433 (v01 PmRef  Cpu0Cst  00003001 INTL 20130117)
[    0.750446] ACPI: Dynamic OEM Table Load:
[    0.750490] ACPI: SSDT 0xFFFF880078FB3800 00015F (v01 PmRef  ApIst    00003000 INTL 20130117)
[    0.755605] ACPI: Dynamic OEM Table Load:
[    0.755646] ACPI: SSDT 0xFFFF880078FA63C0 00008D (v01 PmRef  ApCst    00003000 INTL 20130117)
[    0.772999] ACPI: Interpreter enabled
[    0.773098] ACPI: (supports S0 S5)
[    0.773105] ACPI: Using IOAPIC for interrupt routing
[    0.773381] PCI: MMCONFIG for domain 0000 [bus 00-3f] at [mem 0xe0000000-0xe3ffffff] (base 0xe0000000)
[    0.800055] [Firmware Info]: PCI: MMCONFIG at [mem 0xe0000000-0xe3ffffff] not reserved in ACPI motherboard resources
[    0.800065] PCI: not using MMCONFIG
[    0.800082] PCI: Using host bridge windows from ACPI; if necessary, use "pci=nocrs" and report a bug
[    0.809450] ACPI: Power Resource [USBC] (on)
[    0.812196] ACPI: Power Resource [WWPR] (off)
[    0.836785] ACPI: Power Resource [PLPE] (on)
[    0.873590] ACPI: Power Resource [CLK0] (off)
[    0.874001] ACPI: Power Resource [CLK1] (off)
[    0.876160] ACPI: Power Resource [P28P] (off)
[    0.876538] ACPI: Power Resource [P18P] (off)
[    0.880840] ACPI: Power Resource [CLK0] (off)
[    0.904162] ACPI: Power Resource [P28X] (off)
[    0.904560] ACPI: Power Resource [P18X] (off)
[    0.904976] ACPI: Power Resource [P28T] (off)
[    0.905367] ACPI: Power Resource [P18T] (off)
[    0.905764] ACPI: Power Resource [P1XT] (off)
[    0.937227] ACPI: PCI Root Bridge [PCI0] (domain 0000 [bus 00-ff])
[    0.937258] acpi PNP0A08:00: _OSC: OS supports [ASPM ClockPM Segments MSI]
[    0.937648] acpi PNP0A08:00: _OSC failed (AE_ERROR); disabling ASPM
[    0.937734] acpi PNP0A08:00: fail to add MMCONFIG information, can't access extended PCI configuration space under this bridge.
[    0.939452] PCI host bridge to bus 0000:00
[    0.939470] pci_bus 0000:00: root bus resource [io  0x0070-0x0077]
[    0.939482] pci_bus 0000:00: root bus resource [io  0x0000-0x006f window]
[    0.939493] pci_bus 0000:00: root bus resource [io  0x0078-0x0cf7 window]
[    0.939503] pci_bus 0000:00: root bus resource [io  0x0d00-0xffff window]
[    0.939514] pci_bus 0000:00: root bus resource [mem 0x000a0000-0x000bffff window]
[    0.939524] pci_bus 0000:00: root bus resource [mem 0x000c0000-0x000dffff window]
[    0.939534] pci_bus 0000:00: root bus resource [mem 0x000e0000-0x000fffff window]
[    0.939545] pci_bus 0000:00: root bus resource [mem 0x90c00000-0x90ffffff window]
[    0.939555] pci_bus 0000:00: root bus resource [mem 0x7cf00001-0x7ef00000 window]
[    0.939565] pci_bus 0000:00: root bus resource [mem 0x80000000-0x908ffffe window]
[    0.939575] pci_bus 0000:00: root bus resource [mem 0xfed40000-0xfed40fff window]
[    0.939587] pci_bus 0000:00: root bus resource [bus 00-ff]
[    0.939627] pci 0000:00:00.0: [8086:0f00] type 00 class 0x060000
[    0.940203] pci 0000:00:02.0: [8086:0f31] type 00 class 0x030000
[    0.940245] pci 0000:00:02.0: reg 0x10: [mem 0x90000000-0x903fffff]
[    0.940280] pci 0000:00:02.0: reg 0x18: [mem 0x80000000-0x8fffffff pref]
[    0.940311] pci 0000:00:02.0: reg 0x20: [io  0x1000-0x1007]
[    0.940923] pci 0000:00:14.0: [8086:0f35] type 00 class 0x0c0330
[    0.940972] pci 0000:00:14.0: reg 0x10: [mem 0x90800000-0x9080ffff 64bit]
[    0.941128] pci 0000:00:14.0: PME# supported from D3hot D3cold
[    0.941672] pci 0000:00:1a.0: [8086:0f18] type 00 class 0x108000
[    0.941719] pci 0000:00:1a.0: reg 0x10: [mem 0x90700000-0x907fffff]
[    0.941746] pci 0000:00:1a.0: reg 0x14: [mem 0x90600000-0x906fffff]
[    0.941922] pci 0000:00:1a.0: PME# supported from D0 D3hot
[    0.942488] pci 0000:00:1f.0: [8086:0f1c] type 00 class 0x060100
[    0.945899] ACPI: PCI Interrupt Link [LNKA] (IRQs 3 4 5 6 10 11 12 14 15) *0, disabled.
[    0.946547] ACPI: PCI Interrupt Link [LNKB] (IRQs 3 4 5 6 10 11 12 14 15) *0, disabled.
[    0.947142] ACPI: PCI Interrupt Link [LNKC] (IRQs 3 4 5 6 10 11 12 14 15) *0, disabled.
[    0.947735] ACPI: PCI Interrupt Link [LNKD] (IRQs 3 4 5 6 10 11 12 14 15) *0, disabled.
[    0.948332] ACPI: PCI Interrupt Link [LNKE] (IRQs 3 4 5 6 10 11 12 14 15) *0, disabled.
[    0.948925] ACPI: PCI Interrupt Link [LNKF] (IRQs 3 4 5 6 10 11 12 14 15) *0, disabled.
[    0.949520] ACPI: PCI Interrupt Link [LNKG] (IRQs 3 4 5 6 10 11 12 14 15) *0, disabled.
[    0.950112] ACPI: PCI Interrupt Link [LNKH] (IRQs 3 4 5 6 10 11 12 14 15) *0, disabled.
[    0.997525] vgaarb: setting as boot device: PCI:0000:00:02.0
[    0.997535] vgaarb: device added: PCI:0000:00:02.0,decodes=io+mem,owns=io+mem,locks=none
[    0.997544] vgaarb: loaded
[    0.997549] vgaarb: bridge control possible 0000:00:02.0
[    1.047123] PCI: Using ACPI for IRQ routing
[    1.047136] PCI: pci_cache_line_size set to 64 bytes
[    1.047190] Expanded resource reserved due to conflict with PCI Bus 0000:00
[    1.047205] e820: reserve RAM buffer [mem 0x0008f000-0x0008ffff]
[    1.047214] e820: reserve RAM buffer [mem 0x0009e000-0x0009ffff]
[    1.047222] e820: reserve RAM buffer [mem 0x24a64000-0x27ffffff]
[    1.047230] e820: reserve RAM buffer [mem 0x7bac5000-0x7bffffff]
[    1.047238] e820: reserve RAM buffer [mem 0x7bd46000-0x7bffffff]
[    1.047246] e820: reserve RAM buffer [mem 0x7bd49000-0x7bffffff]
[    1.047253] e820: reserve RAM buffer [mem 0x7c800000-0x7fffffff]
[    1.047266] e820: reserve RAM buffer [mem 0x7cc1e000-0x7fffffff]
[    1.047276] e820: reserve RAM buffer [mem 0x7cd00000-0x7fffffff]
[    1.048470] clocksource: Switched to clocksource refined-jiffies
[    1.092876] VFS: Disk quotas dquot_6.6.0
[    1.102123] VFS: Dquot-cache hash table entries: 512 (order 0, 4096 bytes)
[    1.118556] pnp: PnP ACPI init
[    1.118958] pnp 00:00: Plug and Play ACPI device, IDs PNP0b00 (active)
[    1.119438] system 00:01: [io  0x0680-0x069f] has been reserved
[    1.119454] system 00:01: [io  0x0400-0x047f] has been reserved
[    1.119466] system 00:01: [io  0x0500-0x05fe] has been reserved
[    1.119478] system 00:01: [io  0x0600-0x061f] has been reserved
[    1.119490] system 00:01: [io  0x164e-0x164f] has been reserved
[    1.119512] system 00:01: Plug and Play ACPI device, IDs PNP0c02 (active)
[    1.120322] pnp 00:02: Plug and Play ACPI device, IDs PNP0501 (active)
[    1.133441] pnp: PnP ACPI: found 3 devices
[    1.149261] pci_bus 0000:00: resource 4 [io  0x0070-0x0077]
[    1.149275] pci_bus 0000:00: resource 5 [io  0x0000-0x006f window]
[    1.149286] pci_bus 0000:00: resource 6 [io  0x0078-0x0cf7 window]
[    1.149296] pci_bus 0000:00: resource 7 [io  0x0d00-0xffff window]
[    1.149306] pci_bus 0000:00: resource 8 [mem 0x000a0000-0x000bffff window]
[    1.149316] pci_bus 0000:00: resource 9 [mem 0x000c0000-0x000dffff window]
[    1.149326] pci_bus 0000:00: resource 10 [mem 0x000e0000-0x000fffff window]
[    1.149337] pci_bus 0000:00: resource 11 [mem 0x90c00000-0x90ffffff window]
[    1.149346] pci_bus 0000:00: resource 12 [mem 0x7cf00001-0x7ef00000 window]
[    1.149356] pci_bus 0000:00: resource 13 [mem 0x80000000-0x908ffffe window]
[    1.149366] pci_bus 0000:00: resource 14 [mem 0xfed40000-0xfed40fff window]
[    1.218205] NET: Registered protocol family 2
[    1.230445] TCP established hash table entries: 16384 (order: 5, 131072 bytes)
[    1.230732] TCP bind hash table entries: 16384 (order: 6, 262144 bytes)
[    1.231041] TCP: Hash tables configured (established 16384 bind 16384)
[    1.231164] UDP hash table entries: 1024 (order: 3, 32768 bytes)
[    1.231252] UDP-Lite hash table entries: 1024 (order: 3, 32768 bytes)
[    1.242423] NET: Registered protocol family 1
[    1.242503] pci 0000:00:02.0: Video device with shadowed ROM at [mem 0x000c0000-0x000dffff]
[    1.243441] PCI: CLS 64 bytes, default 64
[    1.243750] Unpacking initramfs...
[    3.924032] Freeing initrd memory: 24920K (ffff880034f44000 - ffff88003679a000)
[    3.925072] simple-framebuffer simple-framebuffer.0: framebuffer at 0x80000000, 0x3e8000 bytes, mapped to 0xffffc90000800000
[    3.925088] simple-framebuffer simple-framebuffer.0: format=a8r8g8b8, mode=800x1280x32, linelength=3200
[    3.958528] Console: switching to colour frame buffer device 160x50
[    3.991520] simple-framebuffer simple-framebuffer.0: fb0: simplefb registered!
[    4.005412] futex hash table entries: 1024 (order: 4, 65536 bytes)
[    4.015540] audit: initializing netlink subsys (disabled)
[    4.015636] audit: type=2000 audit(1471466993.872:1): initialized
[    4.018266] workingset: timestamp_bits=40 max_order=19 bucket_order=0
[    4.018339] zbud: loaded
[    4.038478] Block layer SCSI generic (bsg) driver version 0.4 loaded (major 249)
[    4.038644] io scheduler noop registered
[    4.038651] io scheduler deadline registered
[    4.038684] io scheduler cfq registered (default)
[    4.039348] intel_idle: disabled
[    4.039531] GHES: HEST is not enabled!
[    4.039932] Serial: 8250/16550 driver, 4 ports, IRQ sharing enabled
[    4.060667] 00:02: ttyS0 at I/O 0x3f8 (irq = 4, base_baud = 115200) is a 16550A
[    4.084294] 80860F0A:00: ttyS1 at MMIO 0x9091b000 (irq = 39, base_baud = 2764800) is a 16550A
[    4.107106] 80860F0A:01: ttyS2 at MMIO 0x9091d000 (irq = 40, base_baud = 2764800) is a 16550A
[    4.108216] hpet: number irqs doesn't agree with number of timers
[    4.108366] Linux agpgart interface v0.103
[    4.108656] AMD IOMMUv2 driver by Joerg Roedel <jroedel@suse.de>
[    4.108662] AMD IOMMUv2 functionality not available on this system
[    4.109097] Failed to find cpu0 device node
[    4.109321] Unable to detect cache hierarchy from DT for CPU 0
[    4.109804] i8042: PNP: No PS/2 controller found. Probing ports directly.
[    4.896854] clocksource: tsc: mask: 0xffffffffffffffff max_cycles: 0x133626f6b26, max_idle_ns: 440795214178 ns
[    5.151273] i8042: No controller found
[    5.151313] clocksource: Switched to clocksource tsc
[    5.151884] mousedev: PS/2 mouse device common for all mice
[    5.152050] ACPI Warning: Could not enable fixed event - RealTimeClock (4) (20160729/evxface-654)
[    5.152550] rtc_cmos 00:00: rtc core: registered rtc_cmos as rtc0
[    5.152648] rtc_cmos 00:00: alarms up to one month, y3k, 242 bytes nvram
[    5.153214] ledtrig-cpu: registered to indicate activity on CPUs
[    5.263080] NET: Registered protocol family 10
[    5.279172] mip6: Mobile IPv6
[    5.279184] NET: Registered protocol family 17
[    5.279203] mpls_gso: MPLS GSO support
[    5.280765] microcode: sig=0x30678, pf=0x2, revision=0x832
[    5.281097] microcode: Microcode Update Driver: v2.01 <tigran@aivazian.fsnet.co.uk>, Peter Oruba
[    5.282089] registered taskstats version 1
[    5.282193] zswap: loaded using pool lzo/zbud
[    5.283290] rtc_cmos 00:00: setting system clock to 2016-08-17 20:49:55 UTC (1471466995)
[    5.286683] OF: Duplicate name in testcase-data, renamed to "duplicate-name#1"
[    5.290880] ### dt-test ### start of unittest - you will see error messages
[    5.291318] OF: /testcase-data/phandle-tests/consumer-a: could not get #phandle-cells-missing for /testcase-data/phandle-tests/provider1
[    5.291950] OF: /testcase-data/phandle-tests/consumer-a: could not get #phandle-cells-missing for /testcase-data/phandle-tests/provider1
[    5.292573] OF: /testcase-data/phandle-tests/consumer-a: could not find phandle
[    5.292948] OF: /testcase-data/phandle-tests/consumer-a: could not find phandle
[    5.293317] OF: /testcase-data/phandle-tests/consumer-a: arguments longer than property
[    5.293720] OF: /testcase-data/phandle-tests/consumer-a: arguments longer than property
[    5.294899] irq: no irq domain found for /testcase-data/interrupts/intc0 !
[    5.302535] OF: overlay: overlay_is_topmost: #5 clashes #6 @/testcase-data/overlay-node/test-bus/test-unittest8
[    5.303023] OF: overlay: overlay #5 is not topmost
[    5.310803] ### dt-test ### end of unittest - 148 passed, 0 failed
[    5.311207] PM: Hibernation image not present or could not be loaded.
[    5.319635] Freeing unused kernel memory: 1268K (ffffffff81b26000 - ffffffff81c63000)
[    5.319643] Write protecting the kernel read-only data: 10240k
[    5.320460] Freeing unused kernel memory: 28K (ffff8800017f9000 - ffff880001800000)
[    5.342354] Freeing unused kernel memory: 1360K (ffff880001aac000 - ffff880001c00000)
[    5.424886] random: systemd-udevd: uninitialized urandom read (16 bytes read)
[    5.425526] random: systemd-udevd: uninitialized urandom read (16 bytes read)
[    5.425663] random: systemd-udevd: uninitialized urandom read (16 bytes read)
[    5.425840] random: systemd-udevd: uninitialized urandom read (16 bytes read)
[    5.429883] random: udevadm: uninitialized urandom read (16 bytes read)
[    5.430139] random: udevadm: uninitialized urandom read (16 bytes read)
[    5.433786] random: udevadm: uninitialized urandom read (16 bytes read)
[    5.437053] random: udevadm: uninitialized urandom read (16 bytes read)
[    5.439402] random: udevadm: uninitialized urandom read (16 bytes read)
[    5.440831] random: udevadm: uninitialized urandom read (16 bytes read)
[    5.691085] sdhci: Secure Digital Host Controller Interface driver
[    5.691091] sdhci: Copyright(c) Pierre Ossman
[    5.703367] mmc0: SDHCI controller on ACPI [INT33BB:00] using ADMA
[    5.710928] hidraw: raw HID events driver (C) Jiri Kosina
[    5.734524] mmc1: SDHCI controller on ACPI [80860F14:00] using ADMA
[    5.768381] mmc2: SDHCI controller on ACPI [80860F14:02] using ADMA
[    5.781776] mmc0: new high speed SDIO card at address 0001
[    5.873516] input: Lid Switch as /devices/LNXSYSTM:00/LNXSYBUS:00/PNP0C0D:00/input/input0
[    5.873843] ACPI: Lid Switch [LID0]
[    5.877741] mmc2: new high speed SDXC card at address 0007
[    5.892190] mmc1: new HS200 MMC card at address 0001
[    5.977726] ACPI: bus type USB registered
[    5.977939] usbcore: registered new interface driver usbfs
[    5.978039] usbcore: registered new interface driver hub
[    5.978226] usbcore: registered new device driver usb
[    5.990394] [drm] Initialized drm 1.1.0 20060810
[    5.991901] xhci_hcd 0000:00:14.0: xHCI Host Controller
[    5.991946] xhci_hcd 0000:00:14.0: new USB bus registered, assigned bus number 1
[    5.993211] xhci_hcd 0000:00:14.0: hcc params 0x200077c1 hci version 0x100 quirks 0x00009810
[    5.993232] xhci_hcd 0000:00:14.0: cache line size of 64 is not supported
[    5.997354] usb usb1: New USB device found, idVendor=1d6b, idProduct=0002
[    5.997368] usb usb1: New USB device strings: Mfr=3, Product=2, SerialNumber=1
[    5.997377] usb usb1: Product: xHCI Host Controller
[    5.997398] usb usb1: Manufacturer: Linux 4.8.0-rc2-flexx10-2+ xhci-hcd
[    5.997406] usb usb1: SerialNumber: 0000:00:14.0
[    6.002613] [Firmware Bug]: No valid trip found
[    6.004998] hub 1-0:1.0: USB hub found
[    6.005068] hub 1-0:1.0: 6 ports detected
[    6.417138] mmcblk2: mmc2:0007 SD64G 58.4 GiB 
[    6.418935]  mmcblk2: p1
[    6.422631] mmcblk1: mmc1:0001 NCard  28.9 GiB 
[    6.424420] mmcblk1boot0: mmc1:0001 NCard  partition 1 4.00 MiB
[    6.428255] mmcblk1boot1: mmc1:0001 NCard  partition 2 4.00 MiB
[    6.431276] mmcblk1rpmb: mmc1:0001 NCard  partition 3 4.00 MiB
[    6.460878]  mmcblk1: p1 p2 p3 p4 p5 p6
[    6.472056] random: fast init done
[    6.543839] xhci_hcd 0000:00:14.0: xHCI Host Controller
[    6.543867] xhci_hcd 0000:00:14.0: new USB bus registered, assigned bus number 2
[    6.544188] usb usb2: New USB device found, idVendor=1d6b, idProduct=0003
[    6.544200] usb usb2: New USB device strings: Mfr=3, Product=2, SerialNumber=1
[    6.544209] usb usb2: Product: xHCI Host Controller
[    6.544218] usb usb2: Manufacturer: Linux 4.8.0-rc2-flexx10-2+ xhci-hcd
[    6.544226] usb usb2: SerialNumber: 0000:00:14.0
[    6.545266] hub 2-0:1.0: USB hub found
[    6.545331] hub 2-0:1.0: 1 port detected
[    6.575223] [drm:intel_device_info_dump] i915 device info: gen=7, pciid=0x0f31 rev=0x0f flags=is_mobile,need_gfx_hws,is_valleyview,has_hotplug,
[    6.575491] [drm:intel_device_info_runtime_init] slice total: 0
[    6.575506] [drm:intel_device_info_runtime_init] subslice total: 0
[    6.575518] [drm:intel_device_info_runtime_init] subslice per slice: 0
[    6.575524] [drm:intel_device_info_runtime_init] EU total: 0
[    6.575529] [drm:intel_device_info_runtime_init] EU per subslice: 0
[    6.575535] [drm:intel_device_info_runtime_init] has slice power gating: n
[    6.575540] [drm:intel_device_info_runtime_init] has subslice power gating: n
[    6.575545] [drm:intel_device_info_runtime_init] has EU power gating: n
[    6.575553] [drm:intel_sanitize_options] ppgtt mode: 1
[    6.575663] [drm] Memory usable by graphics device = 2048M
[    6.575672] [drm:i915_ggtt_init_hw] GMADR size = 256M
[    6.575678] [drm:i915_ggtt_init_hw] GTT stolen size = 32M
[    6.575689] checking generic (80000000 3e8000) vs hw (80000000 10000000)
[    6.575694] fb: switching to inteldrmfb from simple
[    6.575812] Console: switching to colour dummy device 80x25
[    6.576360] [drm] Replacing VGA console driver
[    6.576549] [drm:intel_opregion_setup] graphic opregion physical addr: 0x7cc5d010
[    6.576604] [drm:intel_opregion_setup] Public ACPI methods supported
[    6.576610] [drm:intel_opregion_setup] ASLE supported
[    6.576801] [drm] Supports vblank timestamp caching Rev 2 (21.10.2013).
[    6.576815] [drm] Driver supports precise vblank timestamp query.
[    6.576847] [drm:parse_mipi_config] Found MIPI Config block, panel index = 0
[    6.576857] [drm:parse_mipi_sequence] Found MIPI sequence block v2
[    6.576878] [drm:parse_mipi_sequence] MIPI related VBT parsing complete
[    6.576955] [drm:intel_update_rawclk] rawclk rate: 200000 kHz
[    6.580578] [drm:intel_update_czclk] CZ clock rate: 333333 kHz
[    6.580593] [drm:intel_update_cdclk] Current CD clock rate: 333333 kHz
[    6.580602] [drm:intel_update_max_cdclk] Max CD clock rate: 400000 kHz
[    6.580607] [drm:intel_update_max_cdclk] Max dotclock rate: 360000 kHz
[    6.580620] vgaarb: device changed decodes: PCI:0000:00:02.0,olddecodes=io+mem,decodes=io+mem:owns=io+mem
[    6.581035] [drm] parse error at position 6 in video mode 'intelfb'
[    6.581190] [drm] parse error at position 6 in video mode 'intelfb'
[    6.581270] [drm] parse error at position 6 in video mode 'intelfb'
[    6.581341] [drm] parse error at position 6 in video mode 'intelfb'
[    6.581412] [drm] parse error at position 6 in video mode 'intelfb'
[    6.581664] [drm:pwm_setup_backlight [i915]] *ERROR* Failed to own the pwm chip
[    6.599319] [drm:i915_pages_create_for_stolen] offset=0x0, size=4096000
[    6.608088] [drm:gen6_ppgtt_init] Allocated pde space (2M) at GTT entry: 7fdf0
[    6.614000] [drm:i915_gem_context_init] HW context support initialized
[    6.614234] [drm:i915_pages_create_for_stolen] offset=0x3e8000, size=131072
[    6.614291] [drm:init_status_page] render ring hws offset: 0x003e9000
[    6.614349] [drm:i915_pages_create_for_stolen] offset=0x408000, size=4096
[    6.614368] [drm:intel_init_pipe_control] render ring pipe control offset: 0x7fffe000
[    6.614701] [drm:i915_pages_create_for_stolen] offset=0x409000, size=131072
[    6.614761] [drm:init_status_page] bsd ring hws offset: 0x0040c000
[    6.614942] [drm:i915_pages_create_for_stolen] offset=0x429000, size=131072
[    6.615081] [drm:init_status_page] blitter ring hws offset: 0x0042f000
[    6.615264] [drm:intel_guc_setup] GuC fw status: path (null), fetch NONE, load NONE
[    6.615293] [drm:i915_pages_create_for_stolen] offset=0x1efa000, size=24576
[    6.615304] [drm:valleyview_setup_pctx] PCBR: 0x7edfa001
[    6.615319] [drm:vlv_init_gpll_ref_freq] GPLL reference freq: 20833 kHz
[    6.615331] [drm:valleyview_init_gt_powersave] DDR speed: 1333 MHz
[    6.615343] [drm:valleyview_init_gt_powersave] max GPU freq: 646 MHz (214)
[    6.615358] [drm:valleyview_init_gt_powersave] RPe GPU freq: 646 MHz (214)
[    6.615369] [drm:valleyview_init_gt_powersave] RP1(Guar Freq) GPU freq: 312 MHz (198)
[    6.615380] [drm:valleyview_init_gt_powersave] min GPU freq: 187 MHz (192)
[    6.615392] [drm:intel_update_cdclk] Current CD clock rate: 333333 kHz
[    6.628588] ACPI: Video Device [GFX0] (multi-head: yes  rom: no  post: no)
[    6.632682] acpi device:21: registered as cooling_device0
[    6.633213] input: Video Bus as /devices/LNXSYSTM:00/LNXSYBUS:00/PNP0A08:00/LNXVIDEO:00/input/input1
[    6.875080] usb 1-2: new high-speed USB device number 2 using xhci_hcd
[    7.020329] usb 1-2: New USB device found, idVendor=05e3, idProduct=0608
[    7.020342] usb 1-2: New USB device strings: Mfr=0, Product=1, SerialNumber=0
[    7.020351] usb 1-2: Product: USB2.0 Hub
[    7.021572] hub 1-2:1.0: USB hub found
[    7.021853] hub 1-2:1.0: 4 ports detected
[    7.311087] usb 1-2.1: new low-speed USB device number 3 using xhci_hcd
[    7.422617] usb 1-2.1: New USB device found, idVendor=258a, idProduct=6a88
[    7.422629] usb 1-2.1: New USB device strings: Mfr=1, Product=2, SerialNumber=0
[    7.422637] usb 1-2.1: Product: USB KEYBOARD
[    7.422645] usb 1-2.1: Manufacturer: SINO WEALTH
[    7.435684] fbcon: inteldrmfb (fb0) is primary device
[    7.456059] usbcore: registered new interface driver usbhid
[    7.456063] usbhid: USB HID core driver
[    7.465123] input: SINO WEALTH USB KEYBOARD as /devices/pci0000:00/0000:00:14.0/usb1/1-2/1-2.1/1-2.1:1.0/0003:258A:6A88.0001/input/input2
[    7.527941] hid-generic 0003:258A:6A88.0001: input,hidraw0: USB HID v1.10 Keyboard [SINO WEALTH USB KEYBOARD] on usb-0000:00:14.0-2.1/input0
[    7.531080] input: SINO WEALTH USB KEYBOARD as /devices/pci0000:00/0000:00:14.0/usb1/1-2/1-2.1/1-2.1:1.1/0003:258A:6A88.0002/input/input3
[    7.595886] hid-generic 0003:258A:6A88.0002: input,hiddev0,hidraw1: USB HID v1.10 Mouse [SINO WEALTH USB KEYBOARD] on usb-0000:00:14.0-2.1/input1
[    7.919095] [drm:intel_print_rc6_info] Enabling RC6 states: RC6 on
[    7.919116] [drm:valleyview_enable_rps] GPLL enabled? yes
[    7.919123] [drm:valleyview_enable_rps] GPU status: 0x0000c6d0
[    7.919130] [drm:valleyview_enable_rps] current GPU freq: 312 MHz (198)
[    7.919136] [drm:valleyview_enable_rps] setting GPU freq to 187 MHz (192)
[    8.563092] [drm:intel_update_cdclk] Current CD clock rate: 266667 kHz
[    9.515610] Console: switching to colour frame buffer device 160x50
[    9.563132] i915 0000:00:02.0: fb0: inteldrmfb frame buffer device
[   10.408730] [drm:i915_gem_open] 
[   11.923374] EXT4-fs (mmcblk1p5): mounted filesystem with ordered data mode. Opts: (null)
[   12.520982] systemd[1]: systemd 229 running in system mode. (+PAM +AUDIT +SELINUX +IMA +APPARMOR +SMACK +SYSVINIT +UTMP +LIBCRYPTSETUP +GCRYPT +GNUTLS +ACL +XZ -LZ4 +SECCOMP +BLKID +ELFUTILS +KMOD -IDN)
[   12.522051] systemd[1]: Detected architecture x86-64.
[   12.522761] systemd[1]: Set hostname to <flexx10>.
[   12.946388] systemd[1]: Listening on Journal Socket (/dev/log).
[   12.947250] systemd[1]: Listening on Journal Audit Socket.
[   12.947362] systemd[1]: Reached target Remote File Systems (Pre).
[   12.947449] systemd[1]: Reached target User and Group Name Lookups.
[   12.947709] systemd[1]: Listening on /dev/initctl Compatibility Named Pipe.
[   12.947979] systemd[1]: Listening on udev Control Socket.
[   12.948709] systemd[1]: Created slice System Slice.
[   13.707783] EXT4-fs (mmcblk1p5): re-mounted. Opts: errors=remount-ro
[   13.823882] systemd-journald[784]: Received request to flush runtime journal from PID 1
[   14.379366] Monitor-Mwait will be used to enter C-1 state
[   14.379440] Monitor-Mwait will be used to enter C-2 state
[   14.379494] Monitor-Mwait will be used to enter C-3 state
[   14.464053] ACPI: AC Adapter [ADP1] (off-line)
[   14.635092] tpm tpm0: TPM self test failed
[   14.687334] i2c_designware 80860F41:04: I2C bus managed by PUNIT
[   14.708275] [Firmware Bug]: No valid trip found
[   14.743263] dw_dmac INTL9C60:00: Missing DT data
[   14.745921] ACPI: Battery Slot [BMBT] (battery present)
[   14.757650] axp20x-i2c i2c-INT33F4:00: AXP20x variant AXP288 found
[   14.763828] dw_dmac INTL9C60:00: DesignWare DMA Controller, 8 channels
[   14.783427] dw_dmac INTL9C60:01: Missing DT data
[   14.803620] dw_dmac INTL9C60:01: DesignWare DMA Controller, 8 channels
[   14.824278] intel_sst_acpi 80860F28:00: Detected Baytrail-CR platform
[   14.824492] intel_sst_acpi 80860F28:00: LPE base: 0x90a00000 size:0x200000
[   14.824495] intel_sst_acpi 80860F28:00: IRAM base: 0x90ac0000
[   14.824532] intel_sst_acpi 80860F28:00: DRAM base: 0x90b00000
[   14.824544] intel_sst_acpi 80860F28:00: SHIM base: 0x90b40000
[   14.824553] intel_sst_acpi 80860F28:00: Mailbox base: 0x90b44000
[   14.824561] intel_sst_acpi 80860F28:00: DDR base: 0x20000000
[   14.829286] intel_sst_acpi 80860F28:00: Got drv data max stream 25
[   14.967869] axp20x-i2c i2c-INT33F4:00: AXP20X driver loaded
[   14.999428] EFI Variables Facility v0.08 2004-May-17
[   15.034461] r8723bs: module is from the staging directory, the quality is unknown, you have been warned.
[   15.038527] RTL8723BS: module init start
[   15.038531] RTL8723BS: rtl8723bs v4.3.5.5_12290.20140916_BTCOEX20140507-4E40
[   15.038533] RTL8723BS: rtl8723bs BT-Coex version = BTCOEX20140507-4E40
[   15.103217] pstore: using zlib compression
[   15.113003] SSE version of gcm_enc/dec engaged.
[   15.150401] Adding 2034684k swap on /dev/mmcblk1p6.  Priority:-1 extents:1 across:2034684k SSFS
[   15.160988] pstore: Registered efi as persistent store backend
[   15.328884] FAT-fs (mmcblk1p1): utf8 is not a recommended IO charset for FAT filesystems, filesystem will be case sensitive!
[   15.335284] RTL8723BS: rtw_ndev_init(wlan0)
[   15.336168] RTL8723BS: module init ret =0
[   15.389653] intel_rapl: Found RAPL domain package
[   15.389659] intel_rapl: Found RAPL domain core
[   15.556556] input: gpio-keys as /devices/platform/gpio-keys.0.auto/input/input4
[   15.556918] input: gpio-keys as /devices/platform/gpio-keys.1.auto/input/input5
[   15.621052] bytcr_rt5640 bytcr_rt5640: quirk DMIC2_MAP enabled
[   15.621057] bytcr_rt5640 bytcr_rt5640: quirk DMIC enabled
[   15.752272] bytcr_rt5640 bytcr_rt5640: snd-soc-dummy-dai <-> media-cpu-dai mapping ok
[   15.752352] bytcr_rt5640 bytcr_rt5640: snd-soc-dummy-dai <-> deepbuffer-cpu-dai mapping ok
[   15.752401] compress asoc: snd-soc-dummy-dai <-> compress-cpu-dai mapping ok
[   15.763610] [drm:i915_gem_open] 
[   15.763722] [drm:i915_gem_open] 
[   15.763786] [drm:i915_gem_open] 
[   15.763847] [drm:i915_gem_open] 
[   15.776339] bytcr_rt5640 bytcr_rt5640: rt5640-aif1 <-> ssp2-port mapping ok
[   15.791829] input: FTSC1000:00 2808:1015 as /devices/platform/80860F41:03/i2c-11/i2c-FTSC1000:00/0018:2808:1015.0003/input/input6
[   15.795334] hid-multitouch 0018:2808:1015.0003: input,hidraw2: I2C HID v1.00 Device [FTSC1000:00 2808:1015] on i2c-FTSC1000:00
[   16.062176] random: crng init done
[   16.847655] [drm:i915_gem_open] 
[   16.906861] IPv6: ADDRCONF(NETDEV_UP): wlan0: link is not ready
[   16.915459] rtl8723bs: accquire FW from file:rtlwifi/rtl8723bs_nic.bin
[   16.954667] [drm:i915_gem_open] 
[   16.961633] [drm:i915_gem_open] 
[   18.222720] [drm:i915_gem_open] 
[   18.330091] fuse init (API version 7.25)
[   18.347268] IPv6: ADDRCONF(NETDEV_UP): wlan0: link is not ready
[   18.609127] IPv6: ADDRCONF(NETDEV_UP): wlan0: link is not ready
[   18.824986] [drm:i915_gem_context_create_ioctl] HW context 1 created
[   18.830627] [drm:i915_gem_context_destroy_ioctl] HW context 1 destroyed
[   18.832215] [drm:i915_gem_context_create_ioctl] HW context 1 created
[   19.985107] RTL8723BS: nolinked power save enter
[   20.275549] RTL8723BS: nolinked power save leave
[   20.488452] RTL8723BS: rtw_set_802_11_connect(wlan0)  fw_state = 0x00000008
[   28.187150] RTL8723BS: rtw_set_802_11_connect(wlan0)  fw_state = 0x00000008
[   28.213043] RTL8723BS: start auth
[   28.215192] RTL8723BS: auth success, start assoc
[   28.221254] RTL8723BS: rtw_cfg80211_indicate_connect(wlan0) BSS not found !!
[   28.221263] RTL8723BS: assoc success
[   28.221301] IPv6: ADDRCONF(NETDEV_CHANGE): wlan0: link becomes ready
[   28.226216] RTL8723BS: send eapol packet
[   28.295299] RTL8723BS: send eapol packet
[   28.295420] RTL8723BS: set pairwise key camid:4, addr:e4:c1:46:fb:b2:9f, kid:0, type:AES
[   28.320658] RTL8723BS: send eapol packet
[   28.320983] RTL8723BS: set group key camid:5, addr:e4:c1:46:fb:b2:9f, kid:1, type:TKIP
[   46.235388] [drm:i915_gem_open] 
[   46.265873] [drm:i915_gem_context_create_ioctl] HW context 1 created
[   46.271978] [drm:i915_gem_context_destroy_ioctl] HW context 1 destroyed
[   46.703064] sst-mfld-platform sst-mfld-platform: Enter: enable=1 port_name=ssp2-port
[   46.779138] intel_sst_acpi 80860F28:00: Alloc for str 1 pipe 0x90
[   46.821280] intel_sst_acpi 80860F28:00: Alloc for str 3 pipe 0xe
[   47.577575] [drm:i915_gem_open] 
[   47.599471] [drm:i915_gem_context_create_ioctl] HW context 1 created
[   47.601443] [drm:i915_gem_context_destroy_ioctl] HW context 1 destroyed
[   47.602888] [drm:i915_gem_context_create_ioctl] HW context 1 created
[   48.414291] [drm:intel_update_cdclk] Current CD clock rate: 200000 kHz
[   48.430670] [drm:intel_update_cdclk] Current CD clock rate: 266667 kHz
[   52.018041] intel_sst_acpi 80860F28:00: Free for str 3 pipe 0xe
[   52.020354] sst-mfld-platform sst-mfld-platform: Enter: enable=0 port_name=ssp2-port
[   52.021388] intel_sst_acpi 80860F28:00: Free for str 1 pipe 0x90
[   59.552935] [drm:i915_gem_open] 
[   59.574858] [drm:i915_gem_context_create_ioctl] HW context 1 created
[   59.577235] [drm:i915_gem_context_destroy_ioctl] HW context 1 destroyed
[   59.578729] [drm:i915_gem_context_create_ioctl] HW context 1 created
[   61.435268] sst-mfld-platform sst-mfld-platform: Enter: enable=1 port_name=ssp2-port
[   61.435727] intel_sst_acpi 80860F28:00: Alloc for str 3 pipe 0xe
[   66.189190] intel_sst_acpi 80860F28:00: Alloc for str 1 pipe 0x90
[   75.044314] intel_sst_acpi 80860F28:00: Free for str 1 pipe 0x90
[   86.709378] intel_sst_acpi 80860F28:00: Alloc for str 1 pipe 0x90
[   91.786666] intel_sst_acpi 80860F28:00: Free for str 1 pipe 0x90
[  111.750874] sst-mfld-platform sst-mfld-platform: Enter: enable=0 port_name=ssp2-port
[  111.751901] intel_sst_acpi 80860F28:00: Free for str 3 pipe 0xe
[  122.873227] [drm:i915_gem_open] 
[  122.952493] [drm:i915_gem_context_create_ioctl] HW context 1 created
[  122.966117] [drm:i915_gem_context_create_ioctl] HW context 2 created
[  177.785081] sst-mfld-platform sst-mfld-platform: Enter: enable=1 port_name=ssp2-port
[  178.173206] intel_sst_acpi 80860F28:00: Alloc for str 1 pipe 0x90
[  178.817414] intel_sst_acpi 80860F28:00: Alloc for str 3 pipe 0xe
[  184.371742] intel_sst_acpi 80860F28:00: Free for str 3 pipe 0xe
[  184.445196] sst-mfld-platform sst-mfld-platform: Enter: enable=0 port_name=ssp2-port
[  184.446400] intel_sst_acpi 80860F28:00: Free for str 1 pipe 0x90
[  222.017195] [drm:i915_gem_open] 
[  222.072319] [drm:i915_gem_context_create_ioctl] HW context 1 created
[  222.074405] [drm:i915_gem_context_destroy_ioctl] HW context 1 destroyed
[  222.075880] [drm:i915_gem_context_create_ioctl] HW context 1 created
