[    0.000000] Linux version 4.8.0-rc1-flexx10-2+ (acaogon@orion) (gcc version 5.4.0 20160609 (Debian 5.4.0-6) ) #1 SMP Tue Aug 16 13:44:09 CEST 2016
[    0.000000] Command line: BOOT_IMAGE=/boot/vmlinuz-4.8.0-rc1-flexx10-2+ root=UUID=36591e78-0af5-4776-b60a-8f93a5cc9230 ro video=intelfb fbcon=rotate:1 quiet splash intel_idle.max_cstate=0 intel_pstate=disabled vt.handoff=7
[    0.000000] x86/fpu: Legacy x87 FPU detected.
[    0.000000] x86/fpu: Using 'eager' FPU context switches.
[    0.000000] e820: BIOS-provided physical RAM map:
[    0.000000] BIOS-e820: [mem 0x0000000000000000-0x000000000008efff] usable
[    0.000000] BIOS-e820: [mem 0x000000000008f000-0x000000000008ffff] ACPI NVS
[    0.000000] BIOS-e820: [mem 0x0000000000090000-0x000000000009dfff] usable
[    0.000000] BIOS-e820: [mem 0x000000000009e000-0x000000000009ffff] reserved
[    0.000000] BIOS-e820: [mem 0x0000000000100000-0x000000001fffffff] usable
[    0.000000] BIOS-e820: [mem 0x0000000020000000-0x00000000201fffff] reserved
[    0.000000] BIOS-e820: [mem 0x0000000020200000-0x0000000024a63fff] usable
[    0.000000] BIOS-e820: [mem 0x0000000024a64000-0x0000000024a64fff] reserved
[    0.000000] BIOS-e820: [mem 0x0000000024a65000-0x0000000024a6cfff] type 20
[    0.000000] BIOS-e820: [mem 0x0000000024a6d000-0x0000000024afffff] reserved
[    0.000000] BIOS-e820: [mem 0x0000000024b00000-0x000000007bac4fff] usable
[    0.000000] BIOS-e820: [mem 0x000000007bac5000-0x000000007bb24fff] type 20
[    0.000000] BIOS-e820: [mem 0x000000007bb25000-0x000000007bd44fff] reserved
[    0.000000] BIOS-e820: [mem 0x000000007bd45000-0x000000007bd45fff] usable
[    0.000000] BIOS-e820: [mem 0x000000007bd46000-0x000000007bd46fff] reserved
[    0.000000] BIOS-e820: [mem 0x000000007bd47000-0x000000007bd48fff] usable
[    0.000000] BIOS-e820: [mem 0x000000007bd49000-0x000000007bd49fff] reserved
[    0.000000] BIOS-e820: [mem 0x000000007bd4a000-0x000000007c7fffff] usable
[    0.000000] BIOS-e820: [mem 0x000000007cc00000-0x000000007cc1dfff] usable
[    0.000000] BIOS-e820: [mem 0x000000007cc1e000-0x000000007cc45fff] reserved
[    0.000000] BIOS-e820: [mem 0x000000007cc46000-0x000000007ccb5fff] ACPI NVS
[    0.000000] BIOS-e820: [mem 0x000000007ccb6000-0x000000007ccf5fff] ACPI data
[    0.000000] BIOS-e820: [mem 0x000000007ccf6000-0x000000007ccfffff] usable
[    0.000000] BIOS-e820: [mem 0x00000000e00f8000-0x00000000e00f8fff] reserved
[    0.000000] BIOS-e820: [mem 0x00000000fed01000-0x00000000fed01fff] reserved
[    0.000000] BIOS-e820: [mem 0x00000000fff60000-0x00000000ffffffff] reserved
[    0.000000] NX (Execute Disable) protection: active
[    0.000000] efi: EFI v2.40 by INSYDE Corp.
[    0.000000] efi:  ACPI 2.0=0x7ccf5014  ESRT=0x7bc37010  SMBIOS=0x7bcfb000 
[    0.000000] esrt: Reserving ESRT space from 0x000000007bc37010 to 0x000000007bc37048.
[    0.000000] SMBIOS 2.8 present.
[    0.000000] DMI: YIFANG NXW101QC232/EBM1015BFP, BIOS EB1015.2.02.016 09/16/2015
[    0.000000] e820: update [mem 0x00000000-0x00000fff] usable ==> reserved
[    0.000000] e820: remove [mem 0x000a0000-0x000fffff] usable
[    0.000000] e820: last_pfn = 0x7cd00 max_arch_pfn = 0x400000000
[    0.000000] MTRR default type: uncachable
[    0.000000] MTRR fixed ranges enabled:
[    0.000000]   00000-9FFFF write-back
[    0.000000]   A0000-FFFFF write-protect
[    0.000000] MTRR variable ranges enabled:
[    0.000000]   0 base 0FFF60000 mask FFFC00000 write-protect
[    0.000000]   1 base 000000000 mask F80000000 write-back
[    0.000000]   2 base 07E000000 mask FFE000000 uncachable
[    0.000000]   3 base 07D000000 mask FFF000000 uncachable
[    0.000000]   4 base 07CE00000 mask FFFE00000 uncachable
[    0.000000]   5 base 07CD00000 mask FFFF00000 uncachable
[    0.000000]   6 disabled
[    0.000000]   7 disabled
[    0.000000] x86/PAT: Configuration [0-7]: WB  WC  UC- UC  WB  WC  UC- WT  
[    0.000000] Base memory trampoline at [ffff880000098000] 98000 size 24576
[    0.000000] BRK [0x01f32000, 0x01f32fff] PGTABLE
[    0.000000] BRK [0x01f33000, 0x01f33fff] PGTABLE
[    0.000000] BRK [0x01f34000, 0x01f34fff] PGTABLE
[    0.000000] BRK [0x01f35000, 0x01f35fff] PGTABLE
[    0.000000] BRK [0x01f36000, 0x01f36fff] PGTABLE
[    0.000000] BRK [0x01f37000, 0x01f37fff] PGTABLE
[    0.000000] RAMDISK: [mem 0x34f66000-0x367aafff]
[    0.000000] ACPI: Early table checksum verification disabled
[    0.000000] ACPI: RSDP 0x000000007CCF5014 000024 (v02 Insyde)
[    0.000000] ACPI: XSDT 0x000000007CCCD188 0000EC (v01 Insyde Insyde   00000003      01000013)
[    0.000000] ACPI: FACP 0x000000007CCEE000 00010C (v05 Insyde Insyde   00000003 ACPI 00040000)
[    0.000000] ACPI: DSDT 0x000000007CCD9000 00F620 (v02 Insyde Insyde   00000003 ACPI 00040000)
[    0.000000] ACPI: UEFI 0x000000007CCF4000 000236 (v01 Insyde Insyde   00000001 ACPI 00040000)
[    0.000000] ACPI: TCPA 0x000000007CCF3000 000032 (v02 Insyde Insyde   00000000 ACPI 00040000)
[    0.000000] ACPI: MSDM 0x000000007CCF2000 000055 (v03 Insyde Insyde   00000001 ACPI 00040000)
[    0.000000] ACPI: UEFI 0x000000007CCF1000 000042 (v01 Insyde Insyde   00000000 ACPI 00040000)
[    0.000000] ACPI: OEM0 0x000000007CCF0000 000084 (v05 Insyde Insyde   00000003 ACPI 00040000)
[    0.000000] ACPI: DBG2 0x000000007CCEF000 000072 (v00 Insyde Insyde   00000003 ACPI 00040000)
[    0.000000] ACPI: HPET 0x000000007CCED000 000038 (v01 Insyde Insyde   00000003 ACPI 00040000)
[    0.000000] ACPI: LPIT 0x000000007CCEC000 000104 (v01 Insyde Insyde   00000003 ACPI 00040000)
[    0.000000] ACPI: APIC 0x000000007CCEB000 00006C (v03 Insyde Insyde   00000003 ACPI 00040000)
[    0.000000] ACPI: MCFG 0x000000007CCEA000 00003C (v01 Insyde Insyde   00000003 ACPI 00040000)
[    0.000000] ACPI: SLIC 0x000000007CCE9000 000176 (v01 Insyde Insyde   00000003 ACPI 00040000)
[    0.000000] ACPI: SSDT 0x000000007CCD6000 00249C (v01 Insyde DptfTab  00000003 ACPI 00040000)
[    0.000000] ACPI: SSDT 0x000000007CCD5000 0005DA (v01 Insyde CpuDptf  00000003 ACPI 00040000)
[    0.000000] ACPI: SSDT 0x000000007CCD4000 000058 (v01 Insyde LowPwrM  00000003 ACPI 00040000)
[    0.000000] ACPI: SSDT 0x000000007CCD3000 0000FF (v01 Insyde SoCDptf  00000003 ACPI 00040000)
[    0.000000] ACPI: SSDT 0x000000007CCD2000 00043A (v01 Insyde Tpm2Tabl 00001000 ACPI 00040000)
[    0.000000] ACPI: TPM2 0x000000007CCD1000 000034 (v03 Insyde Insyde   00000000 ACPI 00040000)
[    0.000000] ACPI: SSDT 0x000000007CCD0000 000763 (v01 Insyde CpuPm    00003000 ACPI 00040000)
[    0.000000] ACPI: SSDT 0x000000007CCCF000 000290 (v01 Insyde Cpu0Tst  00003000 ACPI 00040000)
[    0.000000] ACPI: SSDT 0x000000007CCCE000 00017A (v01 Insyde ApTst    00003000 ACPI 00040000)
[    0.000000] ACPI: FPDT 0x000000007CCCC000 000044 (v01 Insyde Insyde   00000002 ACPI 00040000)
[    0.000000] ACPI: WDAT 0x000000007CCCB000 000104 (v01 Insyde Insyde   00000000 ACPI 00040000)
[    0.000000] ACPI: CSRT 0x000000007CCCA000 00014C (v00 Insyde Insyde   00000005 ACPI 00040000)
[    0.000000] ACPI: WDAT 0x000000007CCC9000 000104 (v01 Insyde Insyde   00000000 ACPI 00040000)
[    0.000000] ACPI: Local APIC address 0xfee00000
[    0.000000] No NUMA configuration found
[    0.000000] Faking a node at [mem 0x0000000000000000-0x000000007ccfffff]
[    0.000000] NODE_DATA(0) allocated [mem 0x7cc1a000-0x7cc1dfff]
[    0.000000] Zone ranges:
[    0.000000]   DMA      [mem 0x0000000000001000-0x0000000000ffffff]
[    0.000000]   DMA32    [mem 0x0000000001000000-0x000000007ccfffff]
[    0.000000]   Normal   empty
[    0.000000] Movable zone start for each node
[    0.000000] Early memory node ranges
[    0.000000]   node   0: [mem 0x0000000000001000-0x000000000008efff]
[    0.000000]   node   0: [mem 0x0000000000090000-0x000000000009dfff]
[    0.000000]   node   0: [mem 0x0000000000100000-0x000000001fffffff]
[    0.000000]   node   0: [mem 0x0000000020200000-0x0000000024a63fff]
[    0.000000]   node   0: [mem 0x0000000024b00000-0x000000007bac4fff]
[    0.000000]   node   0: [mem 0x000000007bd45000-0x000000007bd45fff]
[    0.000000]   node   0: [mem 0x000000007bd47000-0x000000007bd48fff]
[    0.000000]   node   0: [mem 0x000000007bd4a000-0x000000007c7fffff]
[    0.000000]   node   0: [mem 0x000000007cc00000-0x000000007cc1dfff]
[    0.000000]   node   0: [mem 0x000000007ccf6000-0x000000007ccfffff]
[    0.000000] Initmem setup node 0 [mem 0x0000000000001000-0x000000007ccfffff]
[    0.000000] On node 0 totalpages: 508582
[    0.000000]   DMA zone: 64 pages used for memmap
[    0.000000]   DMA zone: 22 pages reserved
[    0.000000]   DMA zone: 3996 pages, LIFO batch:0
[    0.000000]   DMA32 zone: 7924 pages used for memmap
[    0.000000]   DMA32 zone: 504586 pages, LIFO batch:31
[    0.000000] x86/hpet: Will disable the HPET for this platform because it's not reliable
[    0.000000] Reserving Intel graphics memory at 0x000000007cf00000-0x000000007eefffff
[    0.000000] ACPI: Local APIC address 0xfee00000
[    0.000000] IOAPIC[0]: apic_id 2, version 32, address 0xfec00000, GSI 0-86
[    0.000000] ACPI: INT_SRC_OVR (bus 0 bus_irq 0 global_irq 2 dfl dfl)
[    0.000000] ACPI: INT_SRC_OVR (bus 0 bus_irq 9 global_irq 9 high level)
[    0.000000] Using ACPI (MADT) for SMP configuration information
[    0.000000] ACPI: HPET id: 0x8086a201 base: 0xfed00000
[    0.000000] smpboot: Allowing 4 CPUs, 0 hotplug CPUs
[    0.000000] PM: Registered nosave memory: [mem 0x00000000-0x00000fff]
[    0.000000] PM: Registered nosave memory: [mem 0x0008f000-0x0008ffff]
[    0.000000] PM: Registered nosave memory: [mem 0x0009e000-0x0009ffff]
[    0.000000] PM: Registered nosave memory: [mem 0x000a0000-0x000fffff]
[    0.000000] PM: Registered nosave memory: [mem 0x20000000-0x201fffff]
[    0.000000] PM: Registered nosave memory: [mem 0x24a64000-0x24a64fff]
[    0.000000] PM: Registered nosave memory: [mem 0x24a65000-0x24a6cfff]
[    0.000000] PM: Registered nosave memory: [mem 0x24a6d000-0x24afffff]
[    0.000000] PM: Registered nosave memory: [mem 0x7bac5000-0x7bb24fff]
[    0.000000] PM: Registered nosave memory: [mem 0x7bb25000-0x7bd44fff]
[    0.000000] PM: Registered nosave memory: [mem 0x7bd46000-0x7bd46fff]
[    0.000000] PM: Registered nosave memory: [mem 0x7bd49000-0x7bd49fff]
[    0.000000] PM: Registered nosave memory: [mem 0x7c800000-0x7cbfffff]
[    0.000000] PM: Registered nosave memory: [mem 0x7cc1e000-0x7cc45fff]
[    0.000000] PM: Registered nosave memory: [mem 0x7cc46000-0x7ccb5fff]
[    0.000000] PM: Registered nosave memory: [mem 0x7ccb6000-0x7ccf5fff]
[    0.000000] e820: [mem 0x7ef00000-0xe00f7fff] available for PCI devices
[    0.000000] clocksource: refined-jiffies: mask: 0xffffffff max_cycles: 0xffffffff, max_idle_ns: 7645519600211568 ns
[    0.000000] setup_percpu: NR_CPUS:512 nr_cpumask_bits:512 nr_cpu_ids:4 nr_node_ids:1
[    0.000000] percpu: Embedded 33 pages/cpu @ffff88007b800000 s98200 r8192 d28776 u524288
[    0.000000] pcpu-alloc: s98200 r8192 d28776 u524288 alloc=1*2097152
[    0.000000] pcpu-alloc: [0] 0 1 2 3 
[    0.000000] Built 1 zonelists in Node order, mobility grouping on.  Total pages: 500572
[    0.000000] Policy zone: DMA32
[    0.000000] Kernel command line: BOOT_IMAGE=/boot/vmlinuz-4.8.0-rc1-flexx10-2+ root=UUID=36591e78-0af5-4776-b60a-8f93a5cc9230 ro video=intelfb fbcon=rotate:1 quiet splash intel_idle.max_cstate=0 intel_pstate=disabled vt.handoff=7
[    0.000000] PID hash table entries: 4096 (order: 3, 32768 bytes)
[    0.000000] Calgary: detecting Calgary via BIOS EBDA area
[    0.000000] Calgary: Unable to locate Rio Grande table in EBDA - bailing!
[    0.000000] Memory: 1933792K/2034328K available (6080K kernel code, 1167K rwdata, 2728K rodata, 1264K init, 804K bss, 100536K reserved, 0K cma-reserved)
[    0.000000] Hierarchical RCU implementation.
[    0.000000] 	Build-time adjustment of leaf fanout to 64.
[    0.000000] 	RCU restricting CPUs from NR_CPUS=512 to nr_cpu_ids=4.
[    0.000000] RCU: Adjusting geometry for rcu_fanout_leaf=64, nr_cpu_ids=4
[    0.000000] NR_IRQS:33024 nr_irqs:1024 0
[    0.000000] Console: colour dummy device 80x25
[    0.000000] console [tty0] enabled
[    0.000000] tsc: Detected 1332.800 MHz processor
[    0.000091] Calibrating delay loop (skipped), value calculated using timer frequency.. 2665.60 BogoMIPS (lpj=5331200)
[    0.000108] pid_max: default: 32768 minimum: 301
[    0.000192] ACPI: Core revision 20160422
[    0.136933] ACPI: 9 ACPI AML tables successfully acquired and loaded

[    0.139561] Security Framework initialized
[    0.139571] Yama: becoming mindful.
[    0.139599] AppArmor: AppArmor disabled by boot time parameter
[    0.140387] Dentry cache hash table entries: 262144 (order: 9, 2097152 bytes)
[    0.143965] Inode-cache hash table entries: 131072 (order: 8, 1048576 bytes)
[    0.145639] Mount-cache hash table entries: 4096 (order: 3, 32768 bytes)
[    0.145661] Mountpoint-cache hash table entries: 4096 (order: 3, 32768 bytes)
[    0.147029] CPU: Physical Processor ID: 0
[    0.147036] CPU: Processor Core ID: 0
[    0.147049] ENERGY_PERF_BIAS: Set to 'normal', was 'performance'
[    0.147053] ENERGY_PERF_BIAS: View and update with x86_energy_perf_policy(8)
[    0.147068] mce: CPU supports 6 MCE banks
[    0.147091] CPU0: Thermal monitoring enabled (TM1)
[    0.147105] process: using mwait in idle threads
[    0.147120] Last level iTLB entries: 4KB 48, 2MB 0, 4MB 0
[    0.147127] Last level dTLB entries: 4KB 128, 2MB 16, 4MB 16, 1GB 0
[    0.148400] Freeing SMP alternatives memory: 24K (ffffffff81c61000 - ffffffff81c67000)
[    0.155549] ftrace: allocating 24822 entries in 97 pages
[    0.203184] smpboot: Max logical packages: 1
[    0.203194] smpboot: APIC(0) Converting physical 0 to logical package 0
[    0.203327] TSC deadline timer enabled
[    0.203335] smpboot: CPU0: Intel(R) Atom(TM) CPU  Z3735F @ 1.33GHz (family: 0x6, model: 0x37, stepping: 0x8)
[    0.203357] Performance Events: PEBS fmt2+, 8-deep LBR, Silvermont events, 8-deep LBR, full-width counters, Intel PMU driver.
[    0.203417] ... version:                3
[    0.203422] ... bit width:              40
[    0.203426] ... generic registers:      2
[    0.203431] ... value mask:             000000ffffffffff
[    0.203436] ... max period:             000000ffffffffff
[    0.203440] ... fixed-purpose events:   3
[    0.203444] ... event mask:             0000000700000003
[    0.207201] NMI watchdog: enabled on all CPUs, permanently consumes one hw-PMU counter.
[    0.208193] x86: Booting SMP configuration:
[    0.208201] .... node  #0, CPUs:      #1 #2 #3
[    0.450284] x86: Booted up 1 node, 4 CPUs
[    0.450295] smpboot: Total of 4 processors activated (10678.60 BogoMIPS)
[    0.468511] devtmpfs: initialized
[    0.469023] x86/mm: Memory block size: 128MB
[    0.504406] PM: Registering ACPI NVS region [mem 0x0008f000-0x0008ffff] (4096 bytes)
[    0.504418] PM: Registering ACPI NVS region [mem 0x7cc46000-0x7ccb5fff] (458752 bytes)
[    0.504939] clocksource: jiffies: mask: 0xffffffff max_cycles: 0xffffffff, max_idle_ns: 7645041785100000 ns
[    0.520195] pinctrl core: initialized pinctrl subsystem
[    0.532741] NET: Registered protocol family 16
[    0.548229] cpuidle: using governor ladder
[    0.564273] cpuidle: using governor menu
[    0.564523] ACPI: bus type PCI registered
[    0.596775] PCI: MMCONFIG for domain 0000 [bus 00-3f] at [mem 0xe0000000-0xe3ffffff] (base 0xe0000000)
[    0.596786] PCI: not using MMCONFIG
[    0.596792] PCI: Using configuration type 1 for base access
[    0.613227] HugeTLB registered 2 MB page size, pre-allocated 0 pages
[    0.660842] ACPI: Added _OSI(Module Device)
[    0.660849] ACPI: Added _OSI(Processor Device)
[    0.660854] ACPI: Added _OSI(3.0 _SCP Extensions)
[    0.660860] ACPI: Added _OSI(Processor Aggregator Device)
[    0.733980] ACPI: Dynamic OEM Table Load:
[    0.734034] ACPI: SSDT 0xFFFF88007B4A0800 00048C (v01 PmRef  Cpu0Ist  00003000 INTL 20130117)
[    0.739275] ACPI: Dynamic OEM Table Load:
[    0.739322] ACPI: SSDT 0xFFFF88007B4A0000 000433 (v01 PmRef  Cpu0Cst  00003001 INTL 20130117)
[    0.746694] ACPI: Dynamic OEM Table Load:
[    0.746738] ACPI: SSDT 0xFFFF880078FAE800 00015F (v01 PmRef  ApIst    00003000 INTL 20130117)
[    0.751813] ACPI: Dynamic OEM Table Load:
[    0.751854] ACPI: SSDT 0xFFFF880078FA13C0 00008D (v01 PmRef  ApCst    00003000 INTL 20130117)
[    0.769066] ACPI: Interpreter enabled
[    0.769169] ACPI: (supports S0 S5)
[    0.769176] ACPI: Using IOAPIC for interrupt routing
[    0.769427] PCI: MMCONFIG for domain 0000 [bus 00-3f] at [mem 0xe0000000-0xe3ffffff] (base 0xe0000000)
[    0.795807] [Firmware Info]: PCI: MMCONFIG at [mem 0xe0000000-0xe3ffffff] not reserved in ACPI motherboard resources
[    0.795817] PCI: not using MMCONFIG
[    0.795835] PCI: Using host bridge windows from ACPI; if necessary, use "pci=nocrs" and report a bug
[    0.805305] ACPI: Power Resource [USBC] (on)
[    0.808046] ACPI: Power Resource [WWPR] (off)
[    0.832874] ACPI: Power Resource [PLPE] (on)
[    0.869845] ACPI: Power Resource [CLK0] (off)
[    0.870226] ACPI: Power Resource [CLK1] (off)
[    0.872392] ACPI: Power Resource [P28P] (off)
[    0.872768] ACPI: Power Resource [P18P] (off)
[    0.877074] ACPI: Power Resource [CLK0] (off)
[    0.900431] ACPI: Power Resource [P28X] (off)
[    0.900831] ACPI: Power Resource [P18X] (off)
[    0.901248] ACPI: Power Resource [P28T] (off)
[    0.901643] ACPI: Power Resource [P18T] (off)
[    0.902083] ACPI: Power Resource [P1XT] (off)
[    0.933508] ACPI: PCI Root Bridge [PCI0] (domain 0000 [bus 00-ff])
[    0.933539] acpi PNP0A08:00: _OSC: OS supports [ASPM ClockPM Segments MSI]
[    0.933963] acpi PNP0A08:00: _OSC failed (AE_ERROR); disabling ASPM
[    0.934050] acpi PNP0A08:00: fail to add MMCONFIG information, can't access extended PCI configuration space under this bridge.
[    0.935733] PCI host bridge to bus 0000:00
[    0.935751] pci_bus 0000:00: root bus resource [io  0x0070-0x0077]
[    0.935764] pci_bus 0000:00: root bus resource [io  0x0000-0x006f window]
[    0.935775] pci_bus 0000:00: root bus resource [io  0x0078-0x0cf7 window]
[    0.935786] pci_bus 0000:00: root bus resource [io  0x0d00-0xffff window]
[    0.935797] pci_bus 0000:00: root bus resource [mem 0x000a0000-0x000bffff window]
[    0.935807] pci_bus 0000:00: root bus resource [mem 0x000c0000-0x000dffff window]
[    0.935817] pci_bus 0000:00: root bus resource [mem 0x000e0000-0x000fffff window]
[    0.935828] pci_bus 0000:00: root bus resource [mem 0x90c00000-0x90ffffff window]
[    0.935838] pci_bus 0000:00: root bus resource [mem 0x7cf00001-0x7ef00000 window]
[    0.935849] pci_bus 0000:00: root bus resource [mem 0x80000000-0x908ffffe window]
[    0.935859] pci_bus 0000:00: root bus resource [mem 0xfed40000-0xfed40fff window]
[    0.935872] pci_bus 0000:00: root bus resource [bus 00-ff]
[    0.935911] pci 0000:00:00.0: [8086:0f00] type 00 class 0x060000
[    0.936485] pci 0000:00:02.0: [8086:0f31] type 00 class 0x030000
[    0.936529] pci 0000:00:02.0: reg 0x10: [mem 0x90000000-0x903fffff]
[    0.936563] pci 0000:00:02.0: reg 0x18: [mem 0x80000000-0x8fffffff pref]
[    0.936595] pci 0000:00:02.0: reg 0x20: [io  0x1000-0x1007]
[    0.937201] pci 0000:00:14.0: [8086:0f35] type 00 class 0x0c0330
[    0.937250] pci 0000:00:14.0: reg 0x10: [mem 0x90800000-0x9080ffff 64bit]
[    0.937406] pci 0000:00:14.0: PME# supported from D3hot D3cold
[    0.937978] pci 0000:00:1a.0: [8086:0f18] type 00 class 0x108000
[    0.938030] pci 0000:00:1a.0: reg 0x10: [mem 0x90700000-0x907fffff]
[    0.938059] pci 0000:00:1a.0: reg 0x14: [mem 0x90600000-0x906fffff]
[    0.938261] pci 0000:00:1a.0: PME# supported from D0 D3hot
[    0.938796] pci 0000:00:1f.0: [8086:0f1c] type 00 class 0x060100
[    0.942246] ACPI: PCI Interrupt Link [LNKA] (IRQs 3 4 5 6 10 11 12 14 15) *0, disabled.
[    0.942865] ACPI: PCI Interrupt Link [LNKB] (IRQs 3 4 5 6 10 11 12 14 15) *0, disabled.
[    0.943465] ACPI: PCI Interrupt Link [LNKC] (IRQs 3 4 5 6 10 11 12 14 15) *0, disabled.
[    0.944064] ACPI: PCI Interrupt Link [LNKD] (IRQs 3 4 5 6 10 11 12 14 15) *0, disabled.
[    0.944662] ACPI: PCI Interrupt Link [LNKE] (IRQs 3 4 5 6 10 11 12 14 15) *0, disabled.
[    0.945257] ACPI: PCI Interrupt Link [LNKF] (IRQs 3 4 5 6 10 11 12 14 15) *0, disabled.
[    0.945851] ACPI: PCI Interrupt Link [LNKG] (IRQs 3 4 5 6 10 11 12 14 15) *0, disabled.
[    0.946483] ACPI: PCI Interrupt Link [LNKH] (IRQs 3 4 5 6 10 11 12 14 15) *0, disabled.
[    0.993901] vgaarb: setting as boot device: PCI:0000:00:02.0
[    0.993911] vgaarb: device added: PCI:0000:00:02.0,decodes=io+mem,owns=io+mem,locks=none
[    0.993920] vgaarb: loaded
[    0.993925] vgaarb: bridge control possible 0000:00:02.0
[    1.042726] PCI: Using ACPI for IRQ routing
[    1.042739] PCI: pci_cache_line_size set to 64 bytes
[    1.042795] Expanded resource reserved due to conflict with PCI Bus 0000:00
[    1.042809] e820: reserve RAM buffer [mem 0x0008f000-0x0008ffff]
[    1.042819] e820: reserve RAM buffer [mem 0x0009e000-0x0009ffff]
[    1.042827] e820: reserve RAM buffer [mem 0x24a64000-0x27ffffff]
[    1.042835] e820: reserve RAM buffer [mem 0x7bac5000-0x7bffffff]
[    1.042843] e820: reserve RAM buffer [mem 0x7bd46000-0x7bffffff]
[    1.042851] e820: reserve RAM buffer [mem 0x7bd49000-0x7bffffff]
[    1.042858] e820: reserve RAM buffer [mem 0x7c800000-0x7fffffff]
[    1.042871] e820: reserve RAM buffer [mem 0x7cc1e000-0x7fffffff]
[    1.042881] e820: reserve RAM buffer [mem 0x7cd00000-0x7fffffff]
[    1.044078] clocksource: Switched to clocksource refined-jiffies
[    1.088999] VFS: Disk quotas dquot_6.6.0
[    1.097379] VFS: Dquot-cache hash table entries: 512 (order 0, 4096 bytes)
[    1.113812] pnp: PnP ACPI init
[    1.114212] pnp 00:00: Plug and Play ACPI device, IDs PNP0b00 (active)
[    1.114691] system 00:01: [io  0x0680-0x069f] has been reserved
[    1.114706] system 00:01: [io  0x0400-0x047f] has been reserved
[    1.114719] system 00:01: [io  0x0500-0x05fe] has been reserved
[    1.114731] system 00:01: [io  0x0600-0x061f] has been reserved
[    1.114744] system 00:01: [io  0x164e-0x164f] has been reserved
[    1.114765] system 00:01: Plug and Play ACPI device, IDs PNP0c02 (active)
[    1.115580] pnp 00:02: Plug and Play ACPI device, IDs PNP0501 (active)
[    1.128735] pnp: PnP ACPI: found 3 devices
[    1.144338] pci_bus 0000:00: resource 4 [io  0x0070-0x0077]
[    1.144352] pci_bus 0000:00: resource 5 [io  0x0000-0x006f window]
[    1.144363] pci_bus 0000:00: resource 6 [io  0x0078-0x0cf7 window]
[    1.144373] pci_bus 0000:00: resource 7 [io  0x0d00-0xffff window]
[    1.144384] pci_bus 0000:00: resource 8 [mem 0x000a0000-0x000bffff window]
[    1.144394] pci_bus 0000:00: resource 9 [mem 0x000c0000-0x000dffff window]
[    1.144404] pci_bus 0000:00: resource 10 [mem 0x000e0000-0x000fffff window]
[    1.144415] pci_bus 0000:00: resource 11 [mem 0x90c00000-0x90ffffff window]
[    1.144425] pci_bus 0000:00: resource 12 [mem 0x7cf00001-0x7ef00000 window]
[    1.144435] pci_bus 0000:00: resource 13 [mem 0x80000000-0x908ffffe window]
[    1.144446] pci_bus 0000:00: resource 14 [mem 0xfed40000-0xfed40fff window]
[    1.213452] NET: Registered protocol family 2
[    1.225690] TCP established hash table entries: 16384 (order: 5, 131072 bytes)
[    1.225976] TCP bind hash table entries: 16384 (order: 6, 262144 bytes)
[    1.226284] TCP: Hash tables configured (established 16384 bind 16384)
[    1.226407] UDP hash table entries: 1024 (order: 3, 32768 bytes)
[    1.226494] UDP-Lite hash table entries: 1024 (order: 3, 32768 bytes)
[    1.237671] NET: Registered protocol family 1
[    1.237751] pci 0000:00:02.0: Video device with shadowed ROM at [mem 0x000c0000-0x000dffff]
[    1.238683] PCI: CLS 64 bytes, default 64
[    1.238987] Unpacking initramfs...
[    3.895425] Freeing initrd memory: 24852K (ffff880034f66000 - ffff8800367ab000)
[    3.896419] simple-framebuffer simple-framebuffer.0: framebuffer at 0x80000000, 0x3e8000 bytes, mapped to 0xffffc90000800000
[    3.896434] simple-framebuffer simple-framebuffer.0: format=a8r8g8b8, mode=800x1280x32, linelength=3200
[    3.930829] Console: switching to colour frame buffer device 160x50
[    3.962628] simple-framebuffer simple-framebuffer.0: fb0: simplefb registered!
[    3.975919] futex hash table entries: 1024 (order: 4, 65536 bytes)
[    3.989893] audit: initializing netlink subsys (disabled)
[    3.989988] audit: type=2000 audit(1471450498.844:1): initialized
[    3.992555] workingset: timestamp_bits=40 max_order=19 bucket_order=0
[    3.992629] zbud: loaded
[    4.024329] Block layer SCSI generic (bsg) driver version 0.4 loaded (major 249)
[    4.024509] io scheduler noop registered
[    4.024516] io scheduler deadline registered
[    4.024548] io scheduler cfq registered (default)
[    4.025207] intel_idle: disabled
[    4.025395] GHES: HEST is not enabled!
[    4.025816] Serial: 8250/16550 driver, 4 ports, IRQ sharing enabled
[    4.046539] 00:02: ttyS0 at I/O 0x3f8 (irq = 4, base_baud = 115200) is a 16550A
[    4.066365] 80860F0A:00: ttyS1 at MMIO 0x9091b000 (irq = 39, base_baud = 2764800) is a 16550A
[    4.085365] 80860F0A:01: ttyS2 at MMIO 0x9091d000 (irq = 40, base_baud = 2764800) is a 16550A
[    4.086469] hpet: number irqs doesn't agree with number of timers
[    4.086613] Linux agpgart interface v0.103
[    4.086913] AMD IOMMUv2 driver by Joerg Roedel <jroedel@suse.de>
[    4.086918] AMD IOMMUv2 functionality not available on this system
[    4.087360] Failed to find cpu0 device node
[    4.087583] Unable to detect cache hierarchy from DT for CPU 0
[    4.088066] i8042: PNP: No PS/2 controller found. Probing ports directly.
[    5.129549] i8042: No controller found
[    5.129622] clocksource: tsc: mask: 0xffffffffffffffff max_cycles: 0x133626f6b26, max_idle_ns: 440795214178 ns
[    5.129679] clocksource: Switched to clocksource tsc
[    5.130226] mousedev: PS/2 mouse device common for all mice
[    5.130407] ACPI Warning: Could not enable fixed event - RealTimeClock (4) (20160422/evxface-654)
[    5.130903] rtc_cmos 00:00: rtc core: registered rtc_cmos as rtc0
[    5.131001] rtc_cmos 00:00: alarms up to one month, y3k, 242 bytes nvram
[    5.131568] ledtrig-cpu: registered to indicate activity on CPUs
[    5.233465] NET: Registered protocol family 10
[    5.249558] mip6: Mobile IPv6
[    5.249569] NET: Registered protocol family 17
[    5.249588] mpls_gso: MPLS GSO support
[    5.251141] microcode: sig=0x30678, pf=0x2, revision=0x832
[    5.251466] microcode: Microcode Update Driver: v2.01 <tigran@aivazian.fsnet.co.uk>, Peter Oruba
[    5.252419] registered taskstats version 1
[    5.252520] zswap: loaded using pool lzo/zbud
[    5.253640] rtc_cmos 00:00: setting system clock to 2016-08-17 16:15:00 UTC (1471450500)
[    5.256746] OF: Duplicate name in testcase-data, renamed to "duplicate-name#1"
[    5.260935] ### dt-test ### start of unittest - you will see error messages
[    5.261357] OF: /testcase-data/phandle-tests/consumer-a: could not get #phandle-cells-missing for /testcase-data/phandle-tests/provider1
[    5.262013] OF: /testcase-data/phandle-tests/consumer-a: could not get #phandle-cells-missing for /testcase-data/phandle-tests/provider1
[    5.262641] OF: /testcase-data/phandle-tests/consumer-a: could not find phandle
[    5.263016] OF: /testcase-data/phandle-tests/consumer-a: could not find phandle
[    5.263385] OF: /testcase-data/phandle-tests/consumer-a: arguments longer than property
[    5.263788] OF: /testcase-data/phandle-tests/consumer-a: arguments longer than property
[    5.264968] irq: no irq domain found for /testcase-data/interrupts/intc0 !
[    5.272453] OF: overlay: overlay_is_topmost: #5 clashes #6 @/testcase-data/overlay-node/test-bus/test-unittest8
[    5.272968] OF: overlay: overlay #5 is not topmost
[    5.280663] ### dt-test ### end of unittest - 148 passed, 0 failed
[    5.281031] PM: Hibernation image not present or could not be loaded.
[    5.289341] Freeing unused kernel memory: 1264K (ffffffff81b25000 - ffffffff81c61000)
[    5.289348] Write protecting the kernel read-only data: 10240k
[    5.290206] Freeing unused kernel memory: 44K (ffff8800017f5000 - ffff880001800000)
[    5.312215] Freeing unused kernel memory: 1368K (ffff880001aaa000 - ffff880001c00000)
[    5.395183] random: systemd-udevd: uninitialized urandom read (16 bytes read)
[    5.395840] random: systemd-udevd: uninitialized urandom read (16 bytes read)
[    5.395975] random: systemd-udevd: uninitialized urandom read (16 bytes read)
[    5.396154] random: systemd-udevd: uninitialized urandom read (16 bytes read)
[    5.400237] random: udevadm: uninitialized urandom read (16 bytes read)
[    5.400491] random: udevadm: uninitialized urandom read (16 bytes read)
[    5.404144] random: udevadm: uninitialized urandom read (16 bytes read)
[    5.407419] random: udevadm: uninitialized urandom read (16 bytes read)
[    5.409748] random: udevadm: uninitialized urandom read (16 bytes read)
[    5.411190] random: udevadm: uninitialized urandom read (16 bytes read)
[    5.681367] sdhci: Secure Digital Host Controller Interface driver
[    5.681373] sdhci: Copyright(c) Pierre Ossman
[    5.695958] mmc0: SDHCI controller on ACPI [INT33BB:00] using ADMA
[    5.725348] mmc1: SDHCI controller on ACPI [80860F14:00] using ADMA
[    5.732326] hidraw: raw HID events driver (C) Jiri Kosina
[    5.765439] mmc2: SDHCI controller on ACPI [80860F14:02] using ADMA
[    5.776567] mmc0: new high speed SDIO card at address 0001
[    5.850891] input: Lid Switch as /devices/LNXSYSTM:00/LNXSYBUS:00/PNP0C0D:00/input/input0
[    5.851231] ACPI: Lid Switch [LID0]
[    5.880177] mmc2: new high speed SDXC card at address 0007
[    5.892827] mmc1: new HS200 MMC card at address 0001
[    5.961337] [drm] Initialized drm 1.1.0 20060810
[    5.974304] [Firmware Bug]: No valid trip found
[    5.975215] ACPI: bus type USB registered
[    5.975404] usbcore: registered new interface driver usbfs
[    5.975495] usbcore: registered new interface driver hub
[    5.975666] usbcore: registered new device driver usb
[    5.983956] xhci_hcd 0000:00:14.0: xHCI Host Controller
[    5.984003] xhci_hcd 0000:00:14.0: new USB bus registered, assigned bus number 1
[    5.985212] xhci_hcd 0000:00:14.0: hcc params 0x200077c1 hci version 0x100 quirks 0x00009810
[    5.985230] xhci_hcd 0000:00:14.0: cache line size of 64 is not supported
[    6.012011] usb usb1: New USB device found, idVendor=1d6b, idProduct=0002
[    6.012027] usb usb1: New USB device strings: Mfr=3, Product=2, SerialNumber=1
[    6.012037] usb usb1: Product: xHCI Host Controller
[    6.012046] usb usb1: Manufacturer: Linux 4.8.0-rc1-flexx10-2+ xhci-hcd
[    6.012054] usb usb1: SerialNumber: 0000:00:14.0
[    6.013300] hub 1-0:1.0: USB hub found
[    6.013366] hub 1-0:1.0: 6 ports detected
[    6.396236] mmcblk2: mmc2:0007 SD64G 58.4 GiB 
[    6.398699]  mmcblk2: p1
[    6.405003] mmcblk1: mmc1:0001 NCard  28.9 GiB 
[    6.409663] mmcblk1boot0: mmc1:0001 NCard  partition 1 4.00 MiB
[    6.411334] mmcblk1boot1: mmc1:0001 NCard  partition 2 4.00 MiB
[    6.413266] mmcblk1rpmb: mmc1:0001 NCard  partition 3 4.00 MiB
[    6.443205]  mmcblk1: p1 p2 p3 p4 p5 p6
[    6.454839] random: fast init done
[    6.578286] xhci_hcd 0000:00:14.0: xHCI Host Controller
[    6.578317] xhci_hcd 0000:00:14.0: new USB bus registered, assigned bus number 2
[    6.578675] usb usb2: New USB device found, idVendor=1d6b, idProduct=0003
[    6.578688] usb usb2: New USB device strings: Mfr=3, Product=2, SerialNumber=1
[    6.578697] usb usb2: Product: xHCI Host Controller
[    6.578705] usb usb2: Manufacturer: Linux 4.8.0-rc1-flexx10-2+ xhci-hcd
[    6.578713] usb usb2: SerialNumber: 0000:00:14.0
[    6.580176] hub 2-0:1.0: USB hub found
[    6.580238] hub 2-0:1.0: 1 port detected
[    6.605748] [drm] Memory usable by graphics device = 2048M
[    6.605762] checking generic (80000000 3e8000) vs hw (80000000 10000000)
[    6.605768] fb: switching to inteldrmfb from simple
[    6.605887] Console: switching to colour dummy device 80x25
[    6.606400] [drm] Replacing VGA console driver
[    6.606741] [drm] Supports vblank timestamp caching Rev 2 (21.10.2013).
[    6.606747] [drm] Driver supports precise vblank timestamp query.
[    6.608914] vgaarb: device changed decodes: PCI:0000:00:02.0,olddecodes=io+mem,decodes=io+mem:owns=io+mem
[    6.609315] [drm] parse error at position 6 in video mode 'intelfb'
[    6.609457] [drm] parse error at position 6 in video mode 'intelfb'
[    6.609525] [drm] parse error at position 6 in video mode 'intelfb'
[    6.609577] [drm] parse error at position 6 in video mode 'intelfb'
[    6.609645] [drm] parse error at position 6 in video mode 'intelfb'
[    6.609891] [drm:pwm_setup_backlight [i915]] *ERROR* Failed to own the pwm chip
[    6.905459] usb 1-2: new high-speed USB device number 2 using xhci_hcd
[    7.046667] usb 1-2: New USB device found, idVendor=05e3, idProduct=0608
[    7.046680] usb 1-2: New USB device strings: Mfr=0, Product=1, SerialNumber=0
[    7.046688] usb 1-2: Product: USB2.0 Hub
[    7.047946] hub 1-2:1.0: USB hub found
[    7.048232] hub 1-2:1.0: 4 ports detected
[    7.076435] ACPI: Video Device [GFX0] (multi-head: yes  rom: no  post: no)
[    7.080438] acpi device:21: registered as cooling_device0
[    7.080943] input: Video Bus as /devices/LNXSYSTM:00/LNXSYBUS:00/PNP0A08:00/LNXVIDEO:00/input/input1
[    7.337453] usb 1-2.1: new low-speed USB device number 3 using xhci_hcd
[    7.445273] usb 1-2.1: New USB device found, idVendor=258a, idProduct=6a88
[    7.445285] usb 1-2.1: New USB device strings: Mfr=1, Product=2, SerialNumber=0
[    7.445294] usb 1-2.1: Product: USB KEYBOARD
[    7.445302] usb 1-2.1: Manufacturer: SINO WEALTH
[    7.478440] usbcore: registered new interface driver usbhid
[    7.478446] usbhid: USB HID core driver
[    7.487329] input: SINO WEALTH USB KEYBOARD as /devices/pci0000:00/0000:00:14.0/usb1/1-2/1-2.1/1-2.1:1.0/0003:258A:6A88.0001/input/input2
[    7.493885] fbcon: inteldrmfb (fb0) is primary device
[    7.550327] hid-generic 0003:258A:6A88.0001: input,hidraw0: USB HID v1.10 Keyboard [SINO WEALTH USB KEYBOARD] on usb-0000:00:14.0-2.1/input0
[    7.553482] input: SINO WEALTH USB KEYBOARD as /devices/pci0000:00/0000:00:14.0/usb1/1-2/1-2.1/1-2.1:1.1/0003:258A:6A88.0002/input/input3
[    7.614310] hid-generic 0003:258A:6A88.0002: input,hiddev0,hidraw1: USB HID v1.10 Mouse [SINO WEALTH USB KEYBOARD] on usb-0000:00:14.0-2.1/input1
[    9.606645] Console: switching to colour frame buffer device 160x50
[    9.653326] i915 0000:00:02.0: fb0: inteldrmfb frame buffer device
[   12.041785] EXT4-fs (mmcblk1p5): mounted filesystem with ordered data mode. Opts: (null)
[   12.635365] systemd[1]: systemd 229 running in system mode. (+PAM +AUDIT +SELINUX +IMA +APPARMOR +SMACK +SYSVINIT +UTMP +LIBCRYPTSETUP +GCRYPT +GNUTLS +ACL +XZ -LZ4 +SECCOMP +BLKID +ELFUTILS +KMOD -IDN)
[   12.636423] systemd[1]: Detected architecture x86-64.
[   12.637134] systemd[1]: Set hostname to <flexx10>.
[   13.063178] systemd[1]: Listening on LVM2 poll daemon socket.
[   13.064412] systemd[1]: Set up automount Arbitrary Executable File Formats File System Automount Point.
[   13.064538] systemd[1]: Reached target Remote File Systems (Pre).
[   13.064633] systemd[1]: Reached target Remote File Systems.
[   13.064734] systemd[1]: Reached target User and Group Name Lookups.
[   13.065111] systemd[1]: Listening on Journal Socket.
[   13.065261] systemd[1]: Reached target Encrypted Volumes.
[   13.831929] EXT4-fs (mmcblk1p5): re-mounted. Opts: errors=remount-ro
[   13.897717] systemd-journald[776]: Received request to flush runtime journal from PID 1
[   14.440198] Monitor-Mwait will be used to enter C-1 state
[   14.440268] Monitor-Mwait will be used to enter C-2 state
[   14.440319] Monitor-Mwait will be used to enter C-3 state
[   14.528677] ACPI: AC Adapter [ADP1] (off-line)
[   14.769596] dw_dmac INTL9C60:00: Missing DT data
[   14.791198] dw_dmac INTL9C60:00: DesignWare DMA Controller, 8 channels
[   14.809572] dw_dmac INTL9C60:01: Missing DT data
[   14.830928] dw_dmac INTL9C60:01: DesignWare DMA Controller, 8 channels
[   14.837518] tpm tpm0: TPM self test failed
[   15.085991] i2c_designware 80860F41:04: I2C bus managed by PUNIT
[   15.135561] [Firmware Bug]: No valid trip found
[   15.149458] intel_sst_acpi 80860F28:00: LPE base: 0x90a00000 size:0x200000
[   15.149470] intel_sst_acpi 80860F28:00: IRAM base: 0x90ac0000
[   15.149541] intel_sst_acpi 80860F28:00: DRAM base: 0x90b00000
[   15.149569] intel_sst_acpi 80860F28:00: SHIM base: 0x90b40000
[   15.149598] intel_sst_acpi 80860F28:00: Mailbox base: 0x90b44000
[   15.149622] intel_sst_acpi 80860F28:00: DDR base: 0x20000000
[   15.150152] intel_sst_acpi 80860F28:00: Got drv data max stream 25
[   15.233819] ACPI: Battery Slot [BMBT] (battery present)
[   15.314040] axp20x-i2c i2c-INT33F4:00: AXP20x variant AXP288 found
[   15.511337] axp20x-i2c i2c-INT33F4:00: AXP20X driver loaded
[   15.616151] EFI Variables Facility v0.08 2004-May-17
[   15.748950] Adding 2034684k swap on /dev/mmcblk1p6.  Priority:-1 extents:1 across:2034684k SSFS
[   15.866074] r8723bs: module is from the staging directory, the quality is unknown, you have been warned.
[   15.882309] RTL8723BS: module init start
[   15.882318] RTL8723BS: rtl8723bs v4.3.5.5_12290.20140916_BTCOEX20140507-4E40
[   15.882325] RTL8723BS: rtl8723bs BT-Coex version = BTCOEX20140507-4E40
[   15.902385] pstore: using zlib compression
[   15.939933] SSE version of gcm_enc/dec engaged.
[   16.049304] pstore: Registered efi as persistent store backend
[   16.113813] FAT-fs (mmcblk1p1): utf8 is not a recommended IO charset for FAT filesystems, filesystem will be case sensitive!
[   16.537206] RTL8723BS: rtw_ndev_init(wlan0)
[   16.544469] RTL8723BS: module init ret =0
[   16.703700] intel_rapl: Found RAPL domain package
[   16.703713] intel_rapl: Found RAPL domain core
[   18.029779] input: gpio-keys as /devices/platform/gpio-keys.0.auto/input/input4
[   18.039852] input: gpio-keys as /devices/platform/gpio-keys.1.auto/input/input5
[   18.702134] input: FTSC1000:00 2808:1015 as /devices/platform/80860F41:03/i2c-11/i2c-FTSC1000:00/0018:2808:1015.0003/input/input6
[   18.719780] hid-multitouch 0018:2808:1015.0003: input,hidraw2: I2C HID v1.00 Device [FTSC1000:00 2808:1015] on i2c-FTSC1000:00
[   18.820563] bytcr_rt5640 bytcr_rt5640: snd-soc-dummy-dai <-> media-cpu-dai mapping ok
[   18.820816] bytcr_rt5640 bytcr_rt5640: snd-soc-dummy-dai <-> deepbuffer-cpu-dai mapping ok
[   18.825266] compress asoc: snd-soc-dummy-dai <-> compress-cpu-dai mapping ok
[   18.846866] bytcr_rt5640 bytcr_rt5640: rt5640-aif1 <-> ssp2-port mapping ok
[   19.234742] random: crng init done
[   20.089567] IPv6: ADDRCONF(NETDEV_UP): wlan0: link is not ready
[   20.110374] rtl8723bs: accquire FW from file:rtlwifi/rtl8723bs_nic.bin
[   21.879782] IPv6: ADDRCONF(NETDEV_UP): wlan0: link is not ready
[   22.022634] IPv6: ADDRCONF(NETDEV_UP): wlan0: link is not ready
[   22.670707] fuse init (API version 7.25)
[   23.570129] RTL8723BS: nolinked power save enter
[   23.975148] RTL8723BS: nolinked power save leave
[   24.198041] RTL8723BS: rtw_set_802_11_connect(wlan0)  fw_state = 0x00000008
[   31.865894] RTL8723BS: rtw_set_802_11_connect(wlan0)  fw_state = 0x00000008
[   31.886607] RTL8723BS: start auth
[   31.888619] RTL8723BS: auth success, start assoc
[   32.220285] RTL8723BS: rtw_cfg80211_indicate_connect(wlan0) BSS not found !!
[   32.220304] RTL8723BS: assoc success
[   32.220465] IPv6: ADDRCONF(NETDEV_CHANGE): wlan0: link becomes ready
[   32.222449] RTL8723BS: send eapol packet
[   32.234134] RTL8723BS: send eapol packet
[   33.884269] RTL8723BS: send eapol packet
[   33.888294] RTL8723BS: set pairwise key camid:4, addr:e4:c1:46:fb:b2:9f, kid:0, type:AES
[   33.916316] RTL8723BS: send eapol packet
[   33.917398] RTL8723BS: set group key camid:5, addr:e4:c1:46:fb:b2:9f, kid:1, type:TKIP
[   43.941491] sst-mfld-platform sst-mfld-platform: Enter: enable=1 port_name=ssp2-port
[   44.017577] intel_sst_acpi 80860F28:00: Alloc for str 1 pipe 0x90
[   44.069145] intel_sst_acpi 80860F28:00: Alloc for str 3 pipe 0xe
[   49.171827] intel_sst_acpi 80860F28:00: Free for str 3 pipe 0xe
[   49.175980] sst-mfld-platform sst-mfld-platform: Enter: enable=0 port_name=ssp2-port
[   49.177179] intel_sst_acpi 80860F28:00: Free for str 1 pipe 0x90
